[paradise.jwsuperthemes.com/index.html]
[paradise.jwsuperthemes.com/wp-content/themes/paradise/assets/images/favicon.png]
[backblue.gif]
[fade.gif]
[index.html]
[paradise.jwsuperthemes.com/wp-content/uploads/2017/06/bg-praradax4133.jpg]
[paradise.jwsuperthemes.com/wp-content/cache/busting/1/wp-includes/css/dist/block-library/style.min-7759b34e081adcf8afd579fbdd4fd047.css]
[paradise.jwsuperthemes.com/wp-content/cache/busting/1/wp-includes/css/dist/block-library/theme.min-7759b34e081adcf8afd579fbdd4fd047.css]
[paradise.jwsuperthemes.com/wp-content/cache/min/1/wp-content/plugins/woocommerce/packages/woocommerce-blocks/build/style-103f6bc407702ea76d3cc0ac3ae7fea5.css]
[paradise.jwsuperthemes.com/wp-content/cache/min/1/wp-content/plugins/booked/assets/css/icons-0c57970a0501b064576d02c6b6924746.css]
[paradise.jwsuperthemes.com/wp-content/cache/min/1/wp-content/plugins/booked/assets/js/tooltipster/css/tooltipster-9bf4faf0a7abeb9445c80b2a53200e3d.css]
[paradise.jwsuperthemes.com/wp-content/cache/min/1/wp-content/plugins/booked/assets/js/tooltipster/css/themes/tooltipster-light-4c9922cb396490b63fd1d4da68b5c7df.css]
[paradise.jwsuperthemes.com/wp-content/cache/min/1/wp-content/plugins/booked/assets/css/animations-6c3164a2f2396b790b0e4258bc3f2592.css]
[paradise.jwsuperthemes.com/feed/index.html]
[paradise.jwsuperthemes.com/wp-content/cache/min/1/wp-content/plugins/booked/assets/css/styles-dce9b9894dd5f37a0569cb5eae39e4f3.css]
[paradise.jwsuperthemes.com/wp-content/cache/min/1/wp-content/plugins/booked/assets/css/responsive-f9ec65a13e85edb94c7493fc0dd45f52.css]
[paradise.jwsuperthemes.com/wp-content/cache/min/1/wp-content/plugins/contact-form-7/includes/css/styles-690f9fed3a5a4ead1b1a000a28f761e6.css]
[paradise.jwsuperthemes.com/comments/feed/index.html]
[paradise.jwsuperthemes.com/wp-content/cache/min/1/wp-content/plugins/revslider/public/assets/css/rs6-cc5bd90aa37789d54d3ff0fb8baf40f2.css]
[paradise.jwsuperthemes.com/wp-content/cache/min/1/wp-content/plugins/woocommerce/assets/css/woocommerce-layout-1797a38291661d95f0cef42c6b69359d.css]
[paradise.jwsuperthemes.com/wp-content/cache/busting/1/wp-content/plugins/woocommerce/assets/css/woocommerce-smallscreen-3.8.0.css]
[paradise.jwsuperthemes.com/wp-content/cache/min/1/wp-content/plugins/woocommerce/assets/css/woocommerce-cdc1fb8b3e7559373d866c0e547c6a11.css]
[paradise.jwsuperthemes.com/wp-content/cache/min/1/wp-content/plugins/booked-frontend-agents/css/styles-41aa36380ccbf7a3803e30601b7aeaa2.css]
[paradise.jwsuperthemes.com/wp-content/cache/min/1/wp-content/plugins/woocommerce-bookings/dist/css/frontend-59294600cb18bf0b9ea2f92bec9f74b0.css]
[paradise.jwsuperthemes.com/wp-content/cache/min/1/wp-content/plugins/yith-woocommerce-quick-view/assets/css/yith-quick-view-d32961d8f18acc36cd96f0ced5462253.css]
[paradise.jwsuperthemes.com/wp-content/cache/busting/1/wp-content/themes/paradise/style-7759b34e081adcf8afd579fbdd4fd047.css]
[paradise.jwsuperthemes.com/wp-content/uploads/2017/07/Layer-22.jpg]
[paradise.jwsuperthemes.com/wp-content/cache/min/1/wp-content/themes/paradise/assets/css/css_jws/please-wait-cc62e1f7923885134099663443fe39ba.css]
[paradise.jwsuperthemes.com/wp-content/cache/min/1/wp-content/themes/paradise/assets/css/css_jws/normalize-77159b6dfbdd3b9549ef8749b2cae34e.css]
[paradise.jwsuperthemes.com/wp-content/cache/min/1/wp-content/themes/paradise/assets/css/css_jws/owl.carousel-4dbcb706e61b2a0f8377dd78980e631b.css]
[paradise.jwsuperthemes.com/wp-content/cache/min/1/wp-content/themes/paradise/assets/css/css_jws/animate-ec1df7c3c8d104ca26545e6ce7923999.css]
[paradise.jwsuperthemes.com/wp-content/cache/busting/1/wp-content/themes/paradise/assets/css/bootstrap.min-7759b34e081adcf8afd579fbdd4fd047.css]
[paradise.jwsuperthemes.com/wp-content/cache/busting/1/wp-content/plugins/js_composer/assets/lib/bower/font-awesome/css/font-awesome.min-6.0.5.css]
[paradise.jwsuperthemes.com/wp-content/cache/busting/1/wp-content/themes/paradise/assets/css/font-elegant.min-4.1.0.css]
[paradise.jwsuperthemes.com/wp-content/cache/busting/1/wp-content/themes/paradise/assets/css/font-themify.min-4.1.0.css]
[paradise.jwsuperthemes.com/wp-content/cache/busting/1/wp-content/themes/paradise/assets/css/core.min-7759b34e081adcf8afd579fbdd4fd047.css]
[paradise.jwsuperthemes.com/wp-content/cache/min/1/wp-content/themes/paradise/assets/css/presets/default-a570f973fe60f0f7ac4fa25573358417.css]
[paradise.jwsuperthemes.com/wp-content/cache/min/1/wp-content/plugins/newsletter/style-0cdfd41d1a4a0737d300959d79cd5f27.css]
[paradise.jwsuperthemes.com/wp-content/cache/min/1/wp-content/plugins/booked-woocommerce-payments/css/frontend-style-66d42a33358bdaa5ee16c6868a1a2890.css]
[paradise.jwsuperthemes.com/wp-content/cache/min/1/wp-content/uploads/js_composer/js_composer_front_custom-58457c45f5ae71eae19e44a1030c6ad2.css]
[paradise.jwsuperthemes.com/wp-content/cache/busting/1/wp-includes/js/jquery/jquery-1.12.4-wp.js]
[paradise.jwsuperthemes.com/wp-content/cache/busting/1/wp-content/plugins/woocommerce/assets/js/jquery-blockui/jquery.blockUI.min-2.70.js]
[paradise.jwsuperthemes.com/wp-content/cache/busting/1/wp-content/plugins/woocommerce/assets/js/frontend/add-to-cart.min-3.8.0.js]
[paradise.jwsuperthemes.com/wp-content/cache/min/1/wp-content/plugins/js_composer/assets/js/vendors/woocommerce-add-to-cart-473d290351d50f71271af183abec2b1c.js]
[paradise.jwsuperthemes.com/wp-content/cache/min/1/wp-content/plugins/booked-woocommerce-payments/js/frontend-functions-e6e9d7835bef9372ce51533d239891db.js]
[paradise.jwsuperthemes.com/xmlrpc.2b0db0.delayed]
[paradise.jwsuperthemes.com/wp-content/cache/busting/1/wp-content/plugins/revslider/public/assets/js/revolution.tools.min-6.0.js]
[paradise.jwsuperthemes.com/wp-includes/wlwmanifest.xml]
[paradise.jwsuperthemes.com/wp-content/uploads/2019/11/slider_hair_11.jpg]
[paradise.jwsuperthemes.com/wp-content/themes/paradise/assets/js/js_jws/please-wait.min.js]
[paradise.jwsuperthemes.com/wp-content/themes/paradise/assets/images/logo-v1.png]
[paradise.jwsuperthemes.com/wp-content/cache/busting/1/wp-content/plugins/revslider/public/assets/js/rs6.min-6.1.3.js]
[paradise.jwsuperthemes.com/home-page-two/index.html]
[paradise.jwsuperthemes.com/home-page-three/index.html]
[paradise.jwsuperthemes.com/home-spa-7/index.html]
[paradise.jwsuperthemes.com/home-page-four/index.html]
[paradise.jwsuperthemes.com/wp-json/index.html]
[paradise.jwsuperthemes.com/home-nail-10/index.html]
[paradise.jwsuperthemes.com/services/​full-body-massages​/index.html]
[paradise.jwsuperthemes.com/services/professional-tattoo-artist-in-5-steps/index.html]
[paradise.jwsuperthemes.com/services/be-picky-where-you-tattoo/index.html]
[paradise.jwsuperthemes.com/services/blackwork-tattoo/index.html]
[paradise.jwsuperthemes.com/services/warm-cream-pedicure/index.html]
[paradise.jwsuperthemes.com/services/pedicure-refresher/index.html]
[paradise.jwsuperthemes.com/wp-content/uploads/2017/11/banner_header-300x194.jpg]
[paradise.jwsuperthemes.com/services/therapeutic-pedicure/index.html]
[paradise.jwsuperthemes.com/the-balance-harmony-of-body-and-mind.html]
[paradise.jwsuperthemes.com/shop/index128e.html]
[paradise.jwsuperthemes.com/cdn-cgi/scripts/5c5dd728/cloudflare-static/email-decode.min.js]
[paradise.jwsuperthemes.com/booking/index.html]
[paradise.jwsuperthemes.com/bloggrid-sidebar/index.html]
[paradise.jwsuperthemes.com/blogs/index.html]
[paradise.jwsuperthemes.com/blog-classic/index.html]
[paradise.jwsuperthemes.com/wp-content/plugins/revslider/public/assets/assets/transparent.png]
[paradise.jwsuperthemes.com/gallery/index.html]
[paradise.jwsuperthemes.com/wp-content/uploads/2017/06/Layer-1812.png]
[paradise.jwsuperthemes.com/the-balance-harmony-of-body-and-mind/index128e.html]
[paradise.jwsuperthemes.com/wp-content/plugins/revslider/public/assets/js/revolution.tools.min9666.js]
[paradise.jwsuperthemes.com/gallery-masonry/index.html]
[paradise.jwsuperthemes.com/wp-content/uploads/2017/06/slider2.jpg]
[paradise.jwsuperthemes.com/pages/index.html]
[paradise.jwsuperthemes.com/about-us/index.html]
[paradise.jwsuperthemes.com/wp-content/uploads/2017/06/icon_image.png]
[paradise.jwsuperthemes.com/contact-us/index.html]
[paradise.jwsuperthemes.com/wp-content/plugins/revslider/public/assets/js/rs6.min9666.js]
[paradise.jwsuperthemes.com/wp-content/uploads/2017/06/Layer-181851-220x220.jpg]
[paradise.jwsuperthemes.com/testimonials/index.html]
[paradise.jwsuperthemes.com/wp-content/uploads/2017/06/Layer-18187-220x220.jpg]
[paradise.jwsuperthemes.com/our-pricing/index.html]
[paradise.jwsuperthemes.com/wp-content/uploads/2017/06/picture-5774-220x220.jpg]
[paradise.jwsuperthemes.com/gift-certificates/index.html]
[paradise.jwsuperthemes.com/faqs/index.html]
[paradise.jwsuperthemes.com/wp-content/uploads/2017/06/picture-10854-220x220.jpg]
[paradise.jwsuperthemes.com/shop/index.html]
[paradise.jwsuperthemes.com/wp-content/uploads/2017/06/baner.jpg]
[paradise.jwsuperthemes.com/services/aromatherapy/index.html]
[paradise.jwsuperthemes.com/wp-content/uploads/2017/06/picture-5299-240x240.jpg]
[paradise.jwsuperthemes.com/cart/index.html]
[paradise.jwsuperthemes.com/services/​full-body-massages​/index-2.html]
[paradise.jwsuperthemes.com/services/facial-massages/index.html]
[paradise.jwsuperthemes.com/services/body-treatments/index.html]
[paradise.jwsuperthemes.com/wp-content/uploads/2017/06/Layer-1364-240x240.jpg]
[paradise.jwsuperthemes.com/wp-content/uploads/2017/06/Layer-1368-240x240.jpg]
[paradise.jwsuperthemes.com/wp-content/uploads/2017/06/Layer-1363-240x240.jpg]
[paradise.jwsuperthemes.com/wp-content/uploads/2017/06/image_custom-480x380.jpg]
[paradise.jwsuperthemes.com/wp-content/uploads/2017/06/image_custom.jpg]
[paradise.jwsuperthemes.com/wp-content/uploads/2017/06/Layer-1365-480x380.jpg]
[paradise.jwsuperthemes.com/wp-content/uploads/2017/06/Layer-1365.jpg]
[paradise.jwsuperthemes.com/services/physiotherapy/index.html]
[paradise.jwsuperthemes.com/wp-content/uploads/2017/06/picture-10854-480x380.jpg]
[paradise.jwsuperthemes.com/services/sports-massage/index.html]
[paradise.jwsuperthemes.com/wp-content/uploads/2017/06/picture-10854.jpg]
[paradise.jwsuperthemes.com/wp-content/uploads/2017/06/picture-5774-480x380.jpg]
[paradise.jwsuperthemes.com/wp-content/uploads/2017/06/picture-5774.jpg]
[paradise.jwsuperthemes.com/wp-content/uploads/2017/06/01_01_Homepage_Spa_S1.jpg]
[paradise.jwsuperthemes.com/wp-content/uploads/2017/06/picture-32301-80x80.jpg]
[paradise.jwsuperthemes.com/wp-content/uploads/2017/06/picture-2890-80x80.jpg]
[paradise.jwsuperthemes.com/wp-content/uploads/2017/06/Layer-4785-80x80.jpg]
[paradise.jwsuperthemes.com/wp-content/uploads/2017/07/picture-1502-80x80.jpg]
[paradise.jwsuperthemes.com/wp-content/uploads/2017/06/picture-32301-106x106.jpg]
[paradise.jwsuperthemes.com/wp-content/uploads/2017/06/picture-2890-106x106.jpg]
[paradise.jwsuperthemes.com/wp-content/uploads/2017/06/Layer-4785-106x106.jpg]
[paradise.jwsuperthemes.com/wp-content/uploads/2017/07/picture-1502-106x106.jpg]
[paradise.jwsuperthemes.com/wp-content/uploads/2017/06/Layer-1376-370x250.jpg]
[paradise.jwsuperthemes.com/wp-content/uploads/2017/06/Layer-1375-370x250.jpg]
[paradise.jwsuperthemes.com/wp-content/uploads/2017/06/Layer-1374-370x250.jpg]
[paradise.jwsuperthemes.com/category/news/index.html]
[paradise.jwsuperthemes.com/the-balance-harmony-of-body-and-mind/index.html]
[paradise.jwsuperthemes.com/wp-content/uploads/2017/06/logo-v1-150x37.png]
[paradise.jwsuperthemes.com/cdn-cgi/l/email-protection.html]
[paradise.jwsuperthemes.com/category/events/index.html]
[paradise.jwsuperthemes.com/the-personalized-ocean-and-earth-body-wrap/index.html]
[paradise.jwsuperthemes.com/wp-content/uploads/2017/06/Layer-181851-1024x683.jpg]
[paradise.jwsuperthemes.com/the-de-stress-massage-and-body-cocoon/index.html]
[paradise.jwsuperthemes.com/wp-content/uploads/2017/06/Layer-18187-1024x640.jpg]
[paradise.jwsuperthemes.com/wp-content/uploads/2017/06/picture-5774-683x1024.jpg]
[paradise.jwsuperthemes.com/wp-content/uploads/2017/06/Layer-1365-1024x512.jpg]
[paradise.jwsuperthemes.com/wp-content/cache/min/1/wp-content/themes/paradise/assets/css/css_jws/magnific-popup-f0a9cfdafe019911e4757fc9a399e434.css]
[paradise.jwsuperthemes.com/wp-content/cache/min/1/wp-content/themes/paradise/assets/css/slick-dfb22b4901b8b08782e6128a81061c0a.css]
[paradise.jwsuperthemes.com/wp-content/cache/busting/1/wp-content/plugins/js_composer/assets/lib/prettyphoto/css/prettyPhoto.min-6.0.5.css]
[paradise.jwsuperthemes.com/wp-content/cache/busting/1/wp-content/plugins/js_composer/assets/lib/owl-carousel2-dist/assets/owl.min-6.0.5.css]
[paradise.jwsuperthemes.com/wp-content/cache/busting/1/wp-content/plugins/js_composer/assets/lib/bower/animate-css/animate.min-6.0.5.css]
[paradise.jwsuperthemes.com/wp-content/cache/min/1/wp-content/plugins/woocommerce/assets/css/photoswipe/photoswipe-b70689b636608407c68ac08c745bf576.css]
[paradise.jwsuperthemes.com/wp-content/cache/min/1/wp-content/plugins/woocommerce/assets/css/photoswipe/default-skin/default-skin-2780bdd4b48191b97a993188de48f553.css]
[paradise.jwsuperthemes.com/wp-content/cache/min/1/wp-content/plugins/woocommerce/assets/css/prettyPhoto-34a1e55105031add42f8f59007fec779.css]
[paradise.jwsuperthemes.com/wp-content/cache/busting/1/wp-includes/js/jquery/ui/core.min-1.11.4.js]
[paradise.jwsuperthemes.com/wp-content/cache/busting/1/wp-includes/js/jquery/ui/datepicker.min-1.11.4.js]
[paradise.jwsuperthemes.com/wp-content/cache/busting/1/wp-content/plugins/booked/assets/js/spin.min-2.0.1.js]
[paradise.jwsuperthemes.com/wp-content/cache/min/1/wp-content/plugins/booked/assets/js/spin.jquery-b29b9cef496f2ffc6b8bd2d2a0217d26.js]
[paradise.jwsuperthemes.com/wp-content/cache/busting/1/wp-content/plugins/booked/assets/js/tooltipster/js/jquery.tooltipster.min-3.3.0.js]
[paradise.jwsuperthemes.com/wp-content/cache/min/1/wp-content/plugins/booked/assets/js/functions-0eef3d4a35429c548e97c218fecb2239.js]
[paradise.jwsuperthemes.com/wp-content/cache/min/1/wp-content/plugins/contact-form-7/includes/js/scripts-b91241ec41ead7912b5d6bd54cfe9184.js]
[paradise.jwsuperthemes.com/wp-content/cache/busting/1/wp-content/plugins/woocommerce/assets/js/js-cookie/js.cookie.min-2.1.4.js]
[paradise.jwsuperthemes.com/wp-content/cache/busting/1/wp-content/plugins/woocommerce/assets/js/frontend/woocommerce.min-3.8.0.js]
[paradise.jwsuperthemes.com/wp-content/cache/busting/1/wp-content/plugins/woocommerce/assets/js/frontend/cart-fragments.min-3.8.0.js]
[paradise.jwsuperthemes.com/wp-content/cache/min/1/wp-content/plugins/booked-frontend-agents/js/functions-d967f9ead95c2bfcfa3daebe76181f9e.js]
[paradise.jwsuperthemes.com/wp-content/cache/busting/1/wp-content/plugins/yith-woocommerce-quick-view/assets/js/frontend.min-1.3.16.js]
[paradise.jwsuperthemes.com/wp-content/cache/min/1/wp-content/themes/paradise/assets/js/post-favorite-d0b4698a44145b1f1695979ce82da5d7.js]
[paradise.jwsuperthemes.com/wp-content/cache/busting/1/wp-content/themes/paradise/assets/js/js_jws/modernizr-2.8.3.min-7759b34e081adcf8afd579fbdd4fd047.js]
[paradise.jwsuperthemes.com/wp-content/cache/min/1/wp-content/themes/paradise/assets/js/js_jws/cookie-cfe5bddac2e247c644ece406d3e9bec6.js]
[paradise.jwsuperthemes.com/wp-content/cache/busting/1/wp-content/plugins/js_composer/assets/lib/bower/isotope/dist/isotope.pkgd.min-6.0.5.js]
[paradise.jwsuperthemes.com/wp-content/cache/min/1/wp-content/themes/paradise/assets/js/js_jws/packery-982d3af09eb754e22d62207dc51572c2.js]
[paradise.jwsuperthemes.com/wp-content/cache/min/1/wp-content/themes/paradise/assets/js/js_jws/img_load-3be5df176bce7887da93d2191f026dfc.js]
[paradise.jwsuperthemes.com/wp-content/cache/busting/1/wp-content/themes/paradise/assets/js/js_jws/jquery.mixitup.min-7759b34e081adcf8afd579fbdd4fd047.js]
[paradise.jwsuperthemes.com/wp-content/cache/min/1/wp-content/themes/paradise/assets/js/js_jws/jquery.sticky-dcbce7f78f319477f9080b6c20efd614.js]
[paradise.jwsuperthemes.com/wp-content/cache/busting/1/wp-content/themes/paradise/assets/js/js_jws/waypoints.min-7759b34e081adcf8afd579fbdd4fd047.js]
[paradise.jwsuperthemes.com/wp-content/cache/busting/1/wp-content/themes/paradise/assets/js/js_jws/owl.carousel.min-7759b34e081adcf8afd579fbdd4fd047.js]
[paradise.jwsuperthemes.com/wp-content/cache/min/1/wp-content/themes/paradise/assets/js/js_jws/tit-b352805be5f145780bcd150f3ac0f9c8.js]
[paradise.jwsuperthemes.com/wp-content/cache/busting/1/wp-content/themes/paradise/assets/js/js_jws/jquery.magnific-popup.min-7759b34e081adcf8afd579fbdd4fd047.js]
[paradise.jwsuperthemes.com/wp-content/cache/min/1/wp-content/themes/paradise/assets/js/js_jws/main_jws-85d561c04e1c9b61c343cb29196fa7ff.js]
[paradise.jwsuperthemes.com/wp-content/cache/min/1/wp-content/themes/paradise/assets/js/js_jws/jquery.easing.1.3-fba4c0da8f28a5ce42bd0cf28771fbf4.js]
[paradise.jwsuperthemes.com/wp-content/cache/busting/1/wp-content/themes/paradise/assets/js/bootstrap.min-7759b34e081adcf8afd579fbdd4fd047.js]
[paradise.jwsuperthemes.com/wp-content/cache/min/1/wp-content/themes/paradise/assets/js/js_jws/start-ajax-5340bc5353987fcd00646e93e1232138.js]
[paradise.jwsuperthemes.com/wp-content/cache/min/1/wp-content/themes/paradise/assets/js/SmoothScroll-2b4abf6ae037d2d01b3c4b69b61bba64.js]
[paradise.jwsuperthemes.com/wp-content/cache/min/1/wp-content/plugins/newsletter/subscription/validate-f0ea7f901b05370a8477fc196263ec85.js]
[paradise.jwsuperthemes.com/wp-content/cache/busting/1/wp-content/plugins/js_composer/assets/js/dist/js_composer_front.min-6.0.5.js]
[paradise.jwsuperthemes.com/wp-content/cache/busting/1/wp-content/themes/paradise/assets/js/js_jws/jquery.counterup.min-7759b34e081adcf8afd579fbdd4fd047.js]
[paradise.jwsuperthemes.com/wp-content/cache/min/1/wp-content/themes/paradise/assets/js/js_jws/start-couterup-be4d7b54f2ae1910c781d676b4196e89.js]
[paradise.jwsuperthemes.com/wp-content/cache/busting/1/wp-content/plugins/js_composer/assets/lib/bower/skrollr/dist/skrollr.min-6.0.5.js]
[paradise.jwsuperthemes.com/wp-content/cache/min/1/wp-content/themes/paradise/assets/js/skick-86b4f6dce42ce6a991603723662e86b7.js]
[paradise.jwsuperthemes.com/wp-content/cache/min/1/wp-content/themes/paradise/assets/js/start-js-flex-6c83c473870852b806f41998b56c794a.js]
[paradise.jwsuperthemes.com/wp-content/cache/busting/1/wp-content/plugins/js_composer/assets/lib/prettyphoto/js/jquery.prettyPhoto.min-6.0.5.js]
[paradise.jwsuperthemes.com/wp-content/cache/busting/1/wp-content/plugins/js_composer/assets/lib/owl-carousel2-dist/owl.carousel.min-6.0.5.js]
[paradise.jwsuperthemes.com/wp-content/cache/busting/1/wp-content/plugins/js_composer/assets/lib/bower/imagesloaded/imagesloaded.pkgd.min-6.0.5.js]
[paradise.jwsuperthemes.com/wp-content/cache/busting/1/wp-includes/js/underscore.min-1.8.3.js]
[paradise.jwsuperthemes.com/wp-content/cache/busting/1/wp-content/plugins/js_composer/assets/lib/vc_waypoints/vc-waypoints.min-6.0.5.js]
[paradise.jwsuperthemes.com/wp-content/cache/busting/1/wp-content/plugins/js_composer/assets/js/dist/vc_grid.min-6.0.5.js]
[paradise.jwsuperthemes.com/wp-content/cache/busting/1/wp-includes/js/wp-util.min-7759b34e081adcf8afd579fbdd4fd047.js]
[paradise.jwsuperthemes.com/wp-content/cache/busting/1/wp-content/plugins/woocommerce/assets/js/frontend/add-to-cart-variation.min-3.8.0.js]
[paradise.jwsuperthemes.com/wp-content/cache/busting/1/wp-content/plugins/woocommerce/assets/js/zoom/jquery.zoom.min-1.7.21.js]
[paradise.jwsuperthemes.com/wp-content/cache/busting/1/wp-content/plugins/woocommerce/assets/js/photoswipe/photoswipe.min-4.1.1.js]
[paradise.jwsuperthemes.com/wp-content/cache/busting/1/wp-content/plugins/woocommerce/assets/js/photoswipe/photoswipe-ui-default.min-4.1.1.js]
[paradise.jwsuperthemes.com/wp-content/cache/busting/1/wp-content/plugins/woocommerce/assets/js/frontend/single-product.min-3.8.0.js]
[paradise.jwsuperthemes.com/wp-content/cache/busting/1/wp-content/plugins/woocommerce/assets/js/prettyPhoto/jquery.prettyPhoto.min-3.1.6.js]
[paradise.jwsuperthemes.com/index.html]
[paradise.jwsuperthemes.com/wp-content/cache/busting/1/wp-includes/css/dist/block-library/style.min-7759b34e081adcf8afd579fbdd4fd047.css]
[paradise.jwsuperthemes.com/wp-content/cache/busting/1/wp-includes/css/dist/block-library/theme.min-7759b34e081adcf8afd579fbdd4fd047.css]
[paradise.jwsuperthemes.com/wp-content/cache/min/1/wp-content/plugins/woocommerce/packages/woocommerce-blocks/build/style-103f6bc407702ea76d3cc0ac3ae7fea5.css]
[paradise.jwsuperthemes.com/wp-content/cache/min/1/wp-content/plugins/booked/assets/css/icons-0c57970a0501b064576d02c6b6924746.css]
[paradise.jwsuperthemes.com/wp-content/cache/min/1/wp-content/plugins/booked/assets/js/tooltipster/css/tooltipster-9bf4faf0a7abeb9445c80b2a53200e3d.css]
[paradise.jwsuperthemes.com/wp-content/cache/min/1/wp-content/plugins/booked/assets/js/tooltipster/css/themes/tooltipster-light-4c9922cb396490b63fd1d4da68b5c7df.css]
[paradise.jwsuperthemes.com/wp-content/cache/min/1/wp-content/plugins/booked/assets/css/animations-6c3164a2f2396b790b0e4258bc3f2592.css]
[paradise.jwsuperthemes.com/wp-content/cache/min/1/wp-content/plugins/booked/assets/css/styles-dce9b9894dd5f37a0569cb5eae39e4f3.css]
[paradise.jwsuperthemes.com/wp-content/cache/min/1/wp-content/plugins/booked/assets/css/responsive-f9ec65a13e85edb94c7493fc0dd45f52.css]
[paradise.jwsuperthemes.com/wp-content/plugins/contact-form-7/images/ajax-loader.gif]
[paradise.jwsuperthemes.com/wp-content/cache/min/1/wp-content/plugins/contact-form-7/includes/css/styles-690f9fed3a5a4ead1b1a000a28f761e6.css]
[paradise.jwsuperthemes.com/wp-content/plugins/revslider/public/assets/fonts/revicons/revicons90c6.eot]
[paradise.jwsuperthemes.com/wp-content/plugins/revslider/public/assets/fonts/revicons/revicons90c6.woff]
[paradise.jwsuperthemes.com/wp-content/plugins/revslider/public/assets/fonts/revicons/revicons90c6.ttf]
[paradise.jwsuperthemes.com/wp-content/plugins/revslider/public/assets/fonts/revicons/revicons90c6.svg]
[paradise.jwsuperthemes.com/wp-content/plugins/revslider/public/assets/css/openhand.html]
[paradise.jwsuperthemes.com/wp-content/plugins/revslider/public/assets/css/closedhand.html]
[paradise.jwsuperthemes.com/wp-content/plugins/revslider/public/assets/assets/gridtile.png]
[paradise.jwsuperthemes.com/wp-content/plugins/revslider/public/assets/assets/gridtile_white.png]
[paradise.jwsuperthemes.com/wp-content/plugins/revslider/public/assets/assets/gridtile_3x3.png]
[paradise.jwsuperthemes.com/wp-content/plugins/revslider/public/assets/assets/gridtile_3x3_white.png]
[paradise.jwsuperthemes.com/wp-content/plugins/revslider/public/assets/assets/coloredbg.png]
[paradise.jwsuperthemes.com/wp-content/plugins/revslider/public/assets/assets/loader.gif]
[paradise.jwsuperthemes.com/wp-content/cache/min/1/wp-content/plugins/revslider/public/assets/css/rs6-cc5bd90aa37789d54d3ff0fb8baf40f2.css]
[paradise.jwsuperthemes.com/wp-content/cache/min/1/wp-content/plugins/woocommerce/assets/css/woocommerce-layout-1797a38291661d95f0cef42c6b69359d.css]
[paradise.jwsuperthemes.com/wp-content/cache/busting/1/wp-content/plugins/woocommerce/assets/css/woocommerce-smallscreen-3.8.0.css]
[paradise.jwsuperthemes.com/wp-content/plugins/woocommerce/assets/fonts/star.eot]
[paradise.jwsuperthemes.com/wp-content/plugins/woocommerce/assets/fonts/stard41d.eot]
[paradise.jwsuperthemes.com/wp-content/plugins/woocommerce/assets/fonts/star.woff]
[paradise.jwsuperthemes.com/wp-content/plugins/woocommerce/assets/fonts/star.ttf]
[paradise.jwsuperthemes.com/wp-content/plugins/woocommerce/assets/fonts/star.svg]
[paradise.jwsuperthemes.com/wp-content/plugins/woocommerce/assets/fonts/WooCommerce.eot]
[paradise.jwsuperthemes.com/wp-content/plugins/woocommerce/assets/fonts/WooCommerced41d.eot]
[paradise.jwsuperthemes.com/wp-content/plugins/woocommerce/assets/fonts/WooCommerce.woff]
[paradise.jwsuperthemes.com/wp-content/plugins/woocommerce/assets/fonts/WooCommerce.ttf]
[paradise.jwsuperthemes.com/wp-content/plugins/woocommerce/assets/fonts/WooCommerce.svg]
[paradise.jwsuperthemes.com/wp-content/plugins/woocommerce/assets/images/icons/loader.svg]
[paradise.jwsuperthemes.com/wp-content/plugins/woocommerce/assets/images/icons/credit-cards/visa.svg]
[paradise.jwsuperthemes.com/wp-content/plugins/woocommerce/assets/images/icons/credit-cards/mastercard.svg]
[paradise.jwsuperthemes.com/wp-content/plugins/woocommerce/assets/images/icons/credit-cards/laser.svg]
[paradise.jwsuperthemes.com/wp-content/plugins/woocommerce/assets/images/icons/credit-cards/diners.svg]
[paradise.jwsuperthemes.com/wp-content/plugins/woocommerce/assets/images/icons/credit-cards/maestro.svg]
[paradise.jwsuperthemes.com/wp-content/plugins/woocommerce/assets/images/icons/credit-cards/jcb.svg]
[paradise.jwsuperthemes.com/wp-content/plugins/woocommerce/assets/images/icons/credit-cards/amex.svg]
[paradise.jwsuperthemes.com/wp-content/plugins/woocommerce/assets/images/icons/credit-cards/discover.svg]
[paradise.jwsuperthemes.com/wp-content/cache/min/1/wp-content/plugins/woocommerce/assets/css/woocommerce-cdc1fb8b3e7559373d866c0e547c6a11.css]
[paradise.jwsuperthemes.com/wp-content/cache/min/1/wp-content/plugins/booked-frontend-agents/css/styles-41aa36380ccbf7a3803e30601b7aeaa2.css]
[ajax.googleapis.com/ajax/libs/jqueryui/1.11.4/themes/smoothness/images/ui-bg_flat_75_ffffff_40x100.png]
[ajax.googleapis.com/ajax/libs/jqueryui/1.11.4/themes/smoothness/images/ui-bg_highlight-soft_75_cccccc_1x100.png]
[ajax.googleapis.com/ajax/libs/jqueryui/1.11.4/themes/smoothness/images/ui-bg_glass_75_e6e6e6_1x400.png]
[ajax.googleapis.com/ajax/libs/jqueryui/1.11.4/themes/smoothness/images/ui-bg_glass_75_dadada_1x400.png]
[ajax.googleapis.com/ajax/libs/jqueryui/1.11.4/themes/smoothness/images/ui-bg_glass_65_ffffff_1x400.png]
[ajax.googleapis.com/ajax/libs/jqueryui/1.11.4/themes/smoothness/images/ui-bg_glass_55_fbf9ee_1x400.png]
[ajax.googleapis.com/ajax/libs/jqueryui/1.11.4/themes/smoothness/images/ui-bg_glass_95_fef1ec_1x400.png]
[ajax.googleapis.com/ajax/libs/jqueryui/1.11.4/themes/smoothness/images/ui-icons_222222_256x240.png]
[ajax.googleapis.com/ajax/libs/jqueryui/1.11.4/themes/smoothness/images/ui-icons_888888_256x240.png]
[ajax.googleapis.com/ajax/libs/jqueryui/1.11.4/themes/smoothness/images/ui-icons_454545_256x240.png]
[ajax.googleapis.com/ajax/libs/jqueryui/1.11.4/themes/smoothness/images/ui-icons_2e83ff_256x240.png]
[ajax.googleapis.com/ajax/libs/jqueryui/1.11.4/themes/smoothness/images/ui-icons_cd0a0a_256x240.png]
[ajax.googleapis.com/ajax/libs/jqueryui/1.11.4/themes/smoothness/images/ui-bg_flat_0_aaaaaa_40x100.png]
[ajax.googleapis.com/ajax/libs/jqueryui/1.11.4/themes/smoothness/jquery-ui.min2778.css]
[paradise.jwsuperthemes.com/wp-content/plugins/woocommerce-bookings/dist/images/ui-icons_ffffff_256x240.png]
[paradise.jwsuperthemes.com/wp-content/cache/min/1/wp-content/plugins/woocommerce-bookings/dist/css/frontend-59294600cb18bf0b9ea2f92bec9f74b0.css]
[paradise.jwsuperthemes.com/wp-content/cache/min/1/wp-content/plugins/yith-woocommerce-quick-view/assets/css/yith-quick-view-d32961d8f18acc36cd96f0ced5462253.css]
[paradise.jwsuperthemes.com/wp-content/cache/busting/1/wp-content/themes/paradise/style-7759b34e081adcf8afd579fbdd4fd047.css]
[paradise.jwsuperthemes.com/wp-content/themes/paradise/assets/css/wp_custom_style2778.css]
[paradise.jwsuperthemes.com/wp-content/cache/min/1/wp-content/themes/paradise/assets/css/css_jws/please-wait-cc62e1f7923885134099663443fe39ba.css]
[paradise.jwsuperthemes.com/wp-content/cache/min/1/wp-content/themes/paradise/assets/css/css_jws/normalize-77159b6dfbdd3b9549ef8749b2cae34e.css]
[paradise.jwsuperthemes.com/wp-content/themes/paradise/assets/css/img/owl.video.play.png]
[paradise.jwsuperthemes.com/wp-content/cache/min/1/wp-content/themes/paradise/assets/css/css_jws/owl.carousel-4dbcb706e61b2a0f8377dd78980e631b.css]
[paradise.jwsuperthemes.com/wp-content/cache/min/1/wp-content/themes/paradise/assets/css/css_jws/animate-ec1df7c3c8d104ca26545e6ce7923999.css]
[paradise.jwsuperthemes.com/wp-content/themes/paradise/assets/fonts/glyphicons-halflings-regular.eot]
[paradise.jwsuperthemes.com/wp-content/themes/paradise/assets/fonts/glyphicons-halflings-regulard41d.eot]
[paradise.jwsuperthemes.com/wp-content/themes/paradise/assets/fonts/glyphicons-halflings-regular.woff]
[paradise.jwsuperthemes.com/wp-content/themes/paradise/assets/fonts/glyphicons-halflings-regular.ttf]
[paradise.jwsuperthemes.com/wp-content/themes/paradise/assets/fonts/glyphicons-halflings-regular.svg]
[paradise.jwsuperthemes.com/wp-content/cache/busting/1/wp-content/themes/paradise/assets/css/bootstrap.min-7759b34e081adcf8afd579fbdd4fd047.css]
[paradise.jwsuperthemes.com/wp-content/plugins/js_composer/assets/lib/bower/font-awesome/fonts/fontawesome-webfont3e6e.eot]
[paradise.jwsuperthemes.com/wp-content/plugins/js_composer/assets/lib/bower/font-awesome/fonts/fontawesome-webfont3e6e.woff2]
[paradise.jwsuperthemes.com/wp-content/plugins/js_composer/assets/lib/bower/font-awesome/fonts/fontawesome-webfontd41d.eot]
[paradise.jwsuperthemes.com/wp-content/cache/busting/1/wp-content/plugins/js_composer/assets/lib/bower/font-awesome/css/font-awesome.min-6.0.5.css]
[paradise.jwsuperthemes.com/wp-content/plugins/js_composer/assets/lib/bower/font-awesome/fonts/fontawesome-webfont3e6e.svg]
[paradise.jwsuperthemes.com/wp-content/plugins/js_composer/assets/lib/bower/font-awesome/fonts/fontawesome-webfont3e6e.woff]
[paradise.jwsuperthemes.com/wp-content/themes/paradise/assets/fonts/ElegantIcons.eot]
[paradise.jwsuperthemes.com/wp-content/plugins/js_composer/assets/lib/bower/font-awesome/fonts/fontawesome-webfont3e6e.ttf]
[paradise.jwsuperthemes.com/wp-content/themes/paradise/assets/fonts/ElegantIconsd41d.eot]
[paradise.jwsuperthemes.com/wp-content/cache/busting/1/wp-content/themes/paradise/assets/css/font-elegant.min-4.1.0.css]
[paradise.jwsuperthemes.com/wp-content/themes/paradise/assets/fonts/ElegantIcons.ttf]
[paradise.jwsuperthemes.com/wp-content/themes/paradise/assets/fonts/ElegantIcons.svg]
[paradise.jwsuperthemes.com/wp-content/themes/paradise/assets/fonts/ElegantIcons.woff]
[paradise.jwsuperthemes.com/wp-content/themes/paradise/assets/fonts/themify9f24.eot]
[paradise.jwsuperthemes.com/wp-content/themes/paradise/assets/fonts/themifyd41d.eot]
[paradise.jwsuperthemes.com/wp-content/cache/busting/1/wp-content/themes/paradise/assets/css/font-themify.min-4.1.0.css]
[paradise.jwsuperthemes.com/wp-content/cache/busting/1/wp-content/themes/paradise/assets/css/core.min-7759b34e081adcf8afd579fbdd4fd047.css]
[paradise.jwsuperthemes.com/wp-content/themes/paradise/assets/images/title_line.png]
[paradise.jwsuperthemes.com/wp-content/themes/paradise/assets/fonts/themify9f24.svg]
[paradise.jwsuperthemes.com/wp-content/themes/paradise/assets/fonts/themify9f24.woff]
[paradise.jwsuperthemes.com/wp-content/themes/paradise/assets/images/deckcr.png]
[paradise.jwsuperthemes.com/wp-content/themes/paradise/assets/fonts/themify9f24.ttf]
[paradise.jwsuperthemes.com/wp-content/themes/paradise/assets/images/remove.png]
[paradise.jwsuperthemes.com/wp-content/cache/min/1/wp-content/themes/paradise/assets/css/presets/default-a570f973fe60f0f7ac4fa25573358417.css]
[paradise.jwsuperthemes.com/wp-content/cache/min/1/wp-content/plugins/newsletter/style-0cdfd41d1a4a0737d300959d79cd5f27.css]
[paradise.jwsuperthemes.com/wp-content/cache/min/1/wp-content/plugins/booked-woocommerce-payments/css/frontend-style-66d42a33358bdaa5ee16c6868a1a2890.css]
[nail.jwsuperthemes.com/wp-content/plugins/js_composer/assets/vc/alert.png]
[paradise.jwsuperthemes.com/wp-content/cache/min/1/wp-content/uploads/js_composer/js_composer_front_custom-58457c45f5ae71eae19e44a1030c6ad2.css]
[paradise.jwsuperthemes.com/xmlrpc0db0.html]
[paradise.jwsuperthemes.com/wp-content/uploads/2017/06/logo-v1.png]
[paradise.jwsuperthemes.com/wp-content/uploads/2017/06/image_custom-410x350.jpg]
[paradise.jwsuperthemes.com/wp-content/uploads/2017/06/Layer-1365-410x350.jpg]
[paradise.jwsuperthemes.com/wp-content/uploads/2017/06/picture-10854-410x350.jpg]
[paradise.jwsuperthemes.com/wp-content/uploads/2017/06/picture-5774-410x350.jpg]
[paradise.jwsuperthemes.com/wp-content/uploads/2017/06/Layer-18187-410x350.jpg]
[paradise.jwsuperthemes.com/wp-content/uploads/2017/06/Layer-18187.jpg]
[paradise.jwsuperthemes.com/wp-content/uploads/2017/06/Layer-181851-410x350.jpg]
[paradise.jwsuperthemes.com/wp-content/uploads/2017/06/Layer-181851.jpg]
[paradise.jwsuperthemes.com/wp-content/uploads/2017/06/Layer-18175-e1498792356214-170x170.jpg]
[paradise.jwsuperthemes.com/wp-content/uploads/2017/06/Layer-1384-170x170.jpg]
[paradise.jwsuperthemes.com/team/jackson-nash/index.html]
[paradise.jwsuperthemes.com/wp-content/uploads/2017/06/Layer-1380-e1498792637374-170x170.jpg]
[paradise.jwsuperthemes.com/wp-content/uploads/2017/06/Layer-1382-e1498792297256-170x170.jpg]
[paradise.jwsuperthemes.com/home-page-two/index.html]
[paradise.jwsuperthemes.com/team/ollie-schneider/index.html]
[paradise.jwsuperthemes.com/team/alex-manning/index.html]
[paradise.jwsuperthemes.com/wp-content/uploads/2017/06/bg-slider.jpg]
[paradise.jwsuperthemes.com/team/roger-west/index.html]
[paradise.jwsuperthemes.com/wp-content/uploads/2017/06/bg-info.png]
[paradise.jwsuperthemes.com/wp-content/uploads/2017/07/ts-4-170x170.jpg]
[paradise.jwsuperthemes.com/wp-content/uploads/2017/07/team1-170x170.jpg]
[paradise.jwsuperthemes.com/team/thomas-cruz/index.html]
[paradise.jwsuperthemes.com/wp-content/uploads/2017/07/team2-170x170.jpg]
[paradise.jwsuperthemes.com/team/alberto-hoffman/index.html]
[paradise.jwsuperthemes.com/wp-content/uploads/2017/07/team-hair1-170x170.jpg]
[paradise.jwsuperthemes.com/team/edwin-wood/index.html]
[paradise.jwsuperthemes.com/wp-content/uploads/2017/07/team-hair2-170x170.jpg]
[paradise.jwsuperthemes.com/wp-content/uploads/2017/07/team-hair3-170x170.jpg]
[paradise.jwsuperthemes.com/team/jackson-nash-2/index.html]
[paradise.jwsuperthemes.com/team/ollie-schneider-2/index.html]
[paradise.jwsuperthemes.com/wp-content/uploads/2017/07/team-hair4-170x170.jpg]
[paradise.jwsuperthemes.com/team/roger-west-2/index.html]
[paradise.jwsuperthemes.com/wp-content/uploads/2017/06/product-11-300x300.jpg]
[paradise.jwsuperthemes.com/wp-content/uploads/2017/06/product-4-300x300.jpg]
[paradise.jwsuperthemes.com/team/alex-manning-2/index.html]
[paradise.jwsuperthemes.com/wp-content/uploads/2017/06/huile_pr_cieuse_-_beaut_stars_2015_-_zoom_fiche-300x300.jpg]
[paradise.jwsuperthemes.com/product/firming-body-creme/index.html]
[paradise.jwsuperthemes.com/wp-content/uploads/2017/06/3473311421005_95-300x300.jpg]
[paradise.jwsuperthemes.com/product/the-supreme-skin-care-3/index.html]
[paradise.jwsuperthemes.com/home-page-three/index.html]
[paradise.jwsuperthemes.com/home-page-three/index700a.html]
[paradise.jwsuperthemes.com/home-page-three/indexb6ea.html]
[paradise.jwsuperthemes.com/product/the-supreme-skin-care-2/index.html]
[paradise.jwsuperthemes.com/product/the-supreme-skin-care/index.html]
[paradise.jwsuperthemes.com/home-page-three/index5ad9.html]
[nail.jwsuperthemes.com/wp-content/uploads/2018/07/girl_tran.png]
[paradise.jwsuperthemes.com/home-page-three/index09ca.html]
[nail.jwsuperthemes.com/wp-content/uploads/2018/07/girl_tran2-e1531105212190.png]
[paradise.jwsuperthemes.com/my-account/index.html]
[paradise.jwsuperthemes.com/wp-content/uploads/2018/07/girl_3.png]
[paradise.jwsuperthemes.com/wp-content/uploads/2017/06/image_custom-370x460.jpg]
[paradise.jwsuperthemes.com/wp-content/uploads/2017/06/Layer-1365-370x370.jpg]
[paradise.jwsuperthemes.com/wp-content/uploads/2017/06/picture-10854-370x460.jpg]
[paradise.jwsuperthemes.com/wp-content/uploads/2017/06/picture-5774-370x460.jpg]
[paradise.jwsuperthemes.com/wp-content/uploads/2017/06/Layer-18187-370x370.jpg]
[paradise.jwsuperthemes.com/wp-content/uploads/2017/06/Layer-181851-370x370.jpg]
[paradise.jwsuperthemes.com/wp-content/uploads/2017/06/Layer-1376-550x325.jpg]
[paradise.jwsuperthemes.com/wp-content/uploads/2017/06/Layer-1375-550x325.jpg]
[paradise.jwsuperthemes.com/wp-content/cache/busting/1/wp-content/plugins/js_composer/assets/css/js_composer_tta.min-6.0.5.css]
[paradise.jwsuperthemes.com/wp-content/cache/busting/1/wp-content/plugins/js_composer/assets/lib/vc_accordion/vc-accordion.min-6.0.5.js]
[paradise.jwsuperthemes.com/wp-content/cache/busting/1/wp-content/plugins/js_composer/assets/lib/vc-tta-autoplay/vc-tta-autoplay.min-6.0.5.js]
[paradise.jwsuperthemes.com/wp-content/cache/busting/1/wp-content/plugins/js_composer/assets/lib/vc_tabs/vc-tabs.min-6.0.5.js]
[paradise.jwsuperthemes.com/home-spa-7/index.html]
[paradise.jwsuperthemes.com/wp-content/uploads/2017/07/Layer-1387-480x618.jpg]
[paradise.jwsuperthemes.com/wp-content/uploads/2017/07/Layer-1391-480x618.jpg]
[paradise.jwsuperthemes.com/wp-content/uploads/2017/07/Layer-1393-480x618.jpg]
[paradise.jwsuperthemes.com/services_cat/pedicure/index.html]
[paradise.jwsuperthemes.com/services/intensive-healing-pedicure/index.html]
[paradise.jwsuperthemes.com/wp-content/uploads/2017/07/Layer-1389-480x618.jpg]
[paradise.jwsuperthemes.com/wp-content/uploads/2017/07/Layer-1391-270x280.jpg]
[paradise.jwsuperthemes.com/wp-content/uploads/2017/06/Layer-1395-270x280.jpg]
[paradise.jwsuperthemes.com/wp-content/uploads/2017/06/Layer-1396-270x280.jpg]
[paradise.jwsuperthemes.com/wp-content/uploads/2017/06/Layer-1397-1-270x280.jpg]
[paradise.jwsuperthemes.com/wp-content/cache/busting/1/wp-content/themes/paradise/assets/js/instafeed.min-7759b34e081adcf8afd579fbdd4fd047.js]
[paradise.jwsuperthemes.com/home-page-four/index.html]
[static.cloudflareinsights.com/beacon.min.js]
[nail.jwsuperthemes.com/wp-content/uploads/2018/07/PARA22S7173.jpg]
[paradise.jwsuperthemes.com/wp-content/uploads/2018/07/SLIDER_NAIL_1.jpg]
[paradise.jwsuperthemes.com/wp-content/uploads/2018/07/slip.jpg]
[paradise.jwsuperthemes.com/wp-content/uploads/2017/07/Layer-1391-500x500.jpg]
[paradise.jwsuperthemes.com/wp-content/uploads/2017/06/Layer-1395-500x500.jpg]
[paradise.jwsuperthemes.com/wp-content/uploads/2017/06/Layer-1396-500x500.jpg]
[paradise.jwsuperthemes.com/wp-content/uploads/2017/06/Layer-1397-1-500x500.jpg]
[paradise.jwsuperthemes.com/wp-content/uploads/2018/07/nail_post1-300x226.jpg]
[paradise.jwsuperthemes.com/wp-content/uploads/2018/07/nail_post2-300x226.jpg]
[paradise.jwsuperthemes.com/its-a-marshmallow-world/index.html]
[paradise.jwsuperthemes.com/wp-content/uploads/2017/06/Layer-1376.jpg]
[paradise.jwsuperthemes.com/orchid-petals-inspir-nail-art/index.html]
[paradise.jwsuperthemes.com/wp-content/uploads/2017/06/Layer-1375.jpg]
[paradise.jwsuperthemes.com/wp-content/uploads/2017/06/Layer-1374.jpg]
[paradise.jwsuperthemes.com/home-nail-10/index.html]
[paradise.jwsuperthemes.com/services/​full-body-massages​/index.html]
[paradise.jwsuperthemes.com/wp-content/uploads/2017/07/Layer-1414-870x500.jpg]
[paradise.jwsuperthemes.com/services/professional-tattoo-artist-in-5-steps/feed/index.html]
[paradise.jwsuperthemes.com/wp-content/uploads/2017/06/bg-video.jpg]
[paradise.jwsuperthemes.com/services/realistic-3d-tattoos/index.html]
[paradise.jwsuperthemes.com/wp-content/uploads/2017/06/image-ser.jpg]
[paradise.jwsuperthemes.com/services/skin-art/index.html]
[paradise.jwsuperthemes.com/services/index.html]
[paradise.jwsuperthemes.com/testimonial/ollie-schneider/index.html]
[paradise.jwsuperthemes.com/testimonial/alexis-adams/index.html]
[paradise.jwsuperthemes.com/wp-content/uploads/2017/06/image-ser2.jpg]
[paradise.jwsuperthemes.com/services/professional-tattoo-artist-in-5-steps/index.html]
[paradise.jwsuperthemes.com/testimonial/glen-welch/index.html]
[paradise.jwsuperthemes.com/wp-content/uploads/2017/07/Layer-1427-870x500.jpg]
[paradise.jwsuperthemes.com/services/be-picky-where-you-tattoo/feed/index.html]
[paradise.jwsuperthemes.com/services/be-picky-where-you-tattoo/index.html]
[paradise.jwsuperthemes.com/wp-content/uploads/2017/07/Layer-1429-870x500.jpg]
[paradise.jwsuperthemes.com/services/blackwork-tattoo/feed/index.html]
[paradise.jwsuperthemes.com/services/blackwork-tattoo/index.html]
[paradise.jwsuperthemes.com/wp-content/uploads/2017/07/Layer-1389-870x500.jpg]
[paradise.jwsuperthemes.com/services/warm-cream-pedicure/index.html]
[paradise.jwsuperthemes.com/services_spa/sports-massage/index.html]
[paradise.jwsuperthemes.com/services_spa/intensive-healing-pedicure/index.html]
[paradise.jwsuperthemes.com/services/warm-cream-pedicure/feed/index.html]
[paradise.jwsuperthemes.com/wp-content/uploads/2017/07/Layer-1391-870x500.jpg]
[paradise.jwsuperthemes.com/services/pedicure-refresher/index.html]
[paradise.jwsuperthemes.com/services/pedicure-refresher/feed/index.html]
[paradise.jwsuperthemes.com/wp-content/uploads/2017/07/Layer-1393-870x500.jpg]
[paradise.jwsuperthemes.com/services/therapeutic-pedicure/index.html]
[paradise.jwsuperthemes.com/services/therapeutic-pedicure/feed/index.html]
[paradise.jwsuperthemes.com/services_spa/facial-massages/index.html]
[paradise.jwsuperthemes.com/services_spa/body-treatments/index.html]
[paradise.jwsuperthemes.com/services_spa/aromatherapy/index.html]
[paradise.jwsuperthemes.com/wp-content/themes/paradise/assets/css/css_jws/magnific-popup2778.css]
[paradise.jwsuperthemes.com/wp-includes/css/dist/block-library/style.min2778.css]
[paradise.jwsuperthemes.com/wp-includes/css/dist/block-library/theme.min2778.css]
[paradise.jwsuperthemes.com/shop/feed/index.html]
[paradise.jwsuperthemes.com/wp-content/plugins/woocommerce/packages/woocommerce-blocks/build/style747d.css]
[paradise.jwsuperthemes.com/wp-content/plugins/booked/assets/css/icons5bf8.css]
[paradise.jwsuperthemes.com/wp-content/plugins/booked/assets/js/tooltipster/css/tooltipster9b70.css]
[paradise.jwsuperthemes.com/wp-content/plugins/booked/assets/js/tooltipster/css/themes/tooltipster-light9b70.css]
[paradise.jwsuperthemes.com/wp-content/plugins/booked/assets/css/animations5bf8.css]
[paradise.jwsuperthemes.com/wp-content/plugins/booked/assets/css/styles5bf8.css]
[paradise.jwsuperthemes.com/wp-content/plugins/booked/assets/css/responsive5bf8.css]
[paradise.jwsuperthemes.com/wp-content/plugins/contact-form-7/includes/css/styles6725.css]
[paradise.jwsuperthemes.com/wp-content/plugins/revslider/public/assets/css/rs66fb3.css]
[paradise.jwsuperthemes.com/wp-content/plugins/woocommerce/assets/css/woocommerce-layout9e95.css]
[paradise.jwsuperthemes.com/wp-content/plugins/woocommerce/assets/css/woocommerce-smallscreen9e95.css]
[paradise.jwsuperthemes.com/wp-content/plugins/woocommerce/assets/css/woocommerce9e95.css]
[paradise.jwsuperthemes.com/wp-content/plugins/booked-frontend-agents/css/styles5bf8.css]
[paradise.jwsuperthemes.com/wp-content/plugins/woocommerce-bookings/dist/css/frontendedf9.css]
[paradise.jwsuperthemes.com/wp-content/plugins/yith-woocommerce-quick-view/assets/css/yith-quick-view2778.css]
[paradise.jwsuperthemes.com/wp-content/themes/paradise/style2778.css]
[paradise.jwsuperthemes.com/wp-content/themes/paradise/assets/css/css_jws/please-wait2778.css]
[paradise.jwsuperthemes.com/wp-content/themes/paradise/assets/css/css_jws/normalize2778.css]
[paradise.jwsuperthemes.com/wp-content/themes/paradise/assets/css/css_jws/owl.carousel2778.css]
[paradise.jwsuperthemes.com/wp-content/themes/paradise/assets/css/css_jws/animate2778.css]
[paradise.jwsuperthemes.com/wp-content/themes/paradise/assets/css/bootstrap.min2778.css]
[paradise.jwsuperthemes.com/wp-content/plugins/js_composer/assets/lib/bower/font-awesome/css/font-awesome.min52c7.css]
[paradise.jwsuperthemes.com/wp-content/themes/paradise/assets/css/font-elegant.minbfce.css]
[paradise.jwsuperthemes.com/wp-content/themes/paradise/assets/css/font-themify.minbfce.css]
[paradise.jwsuperthemes.com/wp-content/themes/paradise/assets/css/core.min2778.css]
[paradise.jwsuperthemes.com/wp-content/themes/paradise/assets/css/presets/default2778.css]
[paradise.jwsuperthemes.com/wp-content/plugins/newsletter/stylefab5.css]
[paradise.jwsuperthemes.com/wp-content/plugins/booked-woocommerce-payments/css/frontend-style2778.css]
[paradise.jwsuperthemes.com/wp-includes/js/jquery/jquery4a5f.js]
[paradise.jwsuperthemes.com/wp-includes/js/jquery/jquery-migrate.min330a.js]
[paradise.jwsuperthemes.com/wp-content/plugins/woocommerce/assets/js/jquery-blockui/jquery.blockUI.min44fd.js]
[paradise.jwsuperthemes.com/wp-content/plugins/revslider/public/assets/js/revolution.tools.minf049.js]
[paradise.jwsuperthemes.com/wp-content/plugins/woocommerce/assets/js/frontend/add-to-cart.min9e95.js]
[paradise.jwsuperthemes.com/wp-content/plugins/js_composer/assets/js/vendors/woocommerce-add-to-cart52c7.js]
[paradise.jwsuperthemes.com/wp-content/plugins/booked-woocommerce-payments/js/frontend-functions2778.js]
[paradise.jwsuperthemes.com/wp-content/plugins/revslider/public/assets/js/rs6.min6fb3.js]
[paradise.jwsuperthemes.com/wp-content/uploads/2017/07/footer-bg-barbershop2.jpg]
[paradise.jwsuperthemes.com/shop/.sidebar-shop]
[paradise.jwsuperthemes.com/wp-content/uploads/2017/07/product-tt2-300x300.jpg]
[paradise.jwsuperthemes.com/wp-content/uploads/2017/07/product-tt1-300x300.jpg]
[paradise.jwsuperthemes.com/product/electric-shavers/index.html]
[paradise.jwsuperthemes.com/wp-content/uploads/2017/07/product-tt3-300x300.jpg]
[paradise.jwsuperthemes.com/product/giantex-hydraulic/index.html]
[paradise.jwsuperthemes.com/shop/index974f.html]
[paradise.jwsuperthemes.com/wp-content/uploads/2017/07/product-tt4-e1499938187965-300x300.jpg]
[paradise.jwsuperthemes.com/product/giantex-hydraulic-2/index.html]
[paradise.jwsuperthemes.com/wp-content/uploads/2017/07/product-2-300x300.jpg]
[paradise.jwsuperthemes.com/shop/index700a.html]
[paradise.jwsuperthemes.com/shop/index46b3.html]
[paradise.jwsuperthemes.com/wp-content/uploads/js_composer/js_composer_front_custom52c7.css]
[paradise.jwsuperthemes.com/shop/index33ec.html]
[paradise.jwsuperthemes.com/product/shaving-silvertip/index.html]
[paradise.jwsuperthemes.com/wp-content/plugins/js_composer/assets/lib/prettyphoto/css/prettyPhoto.min52c7.css]
[paradise.jwsuperthemes.com/shop/index3289.html]
[paradise.jwsuperthemes.com/wp-content/plugins/js_composer/assets/lib/owl-carousel2-dist/assets/owl.min52c7.css]
[paradise.jwsuperthemes.com/shop/index5ad9.html]
[paradise.jwsuperthemes.com/wp-content/plugins/js_composer/assets/lib/bower/animate-css/animate.min52c7.css]
[paradise.jwsuperthemes.com/shop/index09ca.html]
[paradise.jwsuperthemes.com/wp-content/plugins/woocommerce/assets/css/photoswipe/photoswipe9e95.css]
[paradise.jwsuperthemes.com/product/vetiver-massage-oil/index.html]
[paradise.jwsuperthemes.com/shop/indexace6.html]
[paradise.jwsuperthemes.com/wp-content/plugins/woocommerce/assets/css/photoswipe/default-skin/default-skin9e95.css]
[paradise.jwsuperthemes.com/shop/indexb6ea.html]
[paradise.jwsuperthemes.com/wp-content/plugins/woocommerce/assets/css/prettyPhoto9e95.css]
[paradise.jwsuperthemes.com/wp-includes/js/jquery/ui/core.mine899.js]
[paradise.jwsuperthemes.com/wp-includes/js/jquery/ui/datepicker.mine899.js]
[paradise.jwsuperthemes.com/wp-content/plugins/booked/assets/js/spin.min7406.js]
[paradise.jwsuperthemes.com/wp-content/plugins/booked/assets/js/spin.jquery7406.js]
[paradise.jwsuperthemes.com/wp-content/plugins/booked/assets/js/tooltipster/js/jquery.tooltipster.min9b70.js]
[paradise.jwsuperthemes.com/wp-content/plugins/booked/assets/js/functions5bf8.js]
[paradise.jwsuperthemes.com/wp-content/plugins/contact-form-7/includes/js/scripts6725.js]
[paradise.jwsuperthemes.com/wp-content/plugins/woocommerce/assets/js/js-cookie/js.cookie.min6b25.js]
[paradise.jwsuperthemes.com/wp-content/plugins/woocommerce/assets/js/frontend/woocommerce.min9e95.js]
[paradise.jwsuperthemes.com/wp-content/plugins/woocommerce/assets/js/frontend/cart-fragments.min9e95.js]
[paradise.jwsuperthemes.com/wp-content/plugins/booked-frontend-agents/js/functions5bf8.js]
[paradise.jwsuperthemes.com/wp-content/plugins/yith-woocommerce-quick-view/assets/js/frontend.min64b6.js]
[paradise.jwsuperthemes.com/wp-content/themes/paradise/assets/js/post-favorite5152.js]
[paradise.jwsuperthemes.com/wp-content/themes/paradise/assets/js/js_jws/modernizr-2.8.3.min2778.js]
[paradise.jwsuperthemes.com/wp-content/themes/paradise/assets/js/js_jws/cookie2778.js]
[paradise.jwsuperthemes.com/wp-content/plugins/js_composer/assets/lib/bower/isotope/dist/isotope.pkgd.min52c7.js]
[paradise.jwsuperthemes.com/wp-content/themes/paradise/assets/js/js_jws/packery2778.js]
[paradise.jwsuperthemes.com/wp-content/themes/paradise/assets/js/js_jws/img_load2778.js]
[paradise.jwsuperthemes.com/wp-content/themes/paradise/assets/js/js_jws/jquery.mixitup.min2778.js]
[paradise.jwsuperthemes.com/wp-content/themes/paradise/assets/js/js_jws/jquery.sticky2778.js]
[paradise.jwsuperthemes.com/wp-content/themes/paradise/assets/js/js_jws/waypoints.min2778.js]
[paradise.jwsuperthemes.com/wp-content/themes/paradise/assets/js/js_jws/owl.carousel.min2778.js]
[paradise.jwsuperthemes.com/wp-content/themes/paradise/assets/js/js_jws/tit2778.js]
[paradise.jwsuperthemes.com/wp-content/themes/paradise/assets/js/js_jws/jquery.magnific-popup.min2778.js]
[paradise.jwsuperthemes.com/wp-content/themes/paradise/assets/js/js_jws/main_jws2778.js]
[paradise.jwsuperthemes.com/wp-content/themes/paradise/assets/js/js_jws/jquery.easing.1.32778.js]
[paradise.jwsuperthemes.com/wp-content/themes/paradise/assets/js/bootstrap.min2778.js]
[paradise.jwsuperthemes.com/wp-content/themes/paradise/assets/js/js_jws/start-ajax2778.js]
[paradise.jwsuperthemes.com/wp-content/themes/paradise/assets/js/SmoothScroll2778.js]
[paradise.jwsuperthemes.com/wp-content/plugins/newsletter/subscription/validatefab5.js]
[paradise.jwsuperthemes.com/wp-content/plugins/js_composer/assets/js/dist/js_composer_front.min52c7.js]
[paradise.jwsuperthemes.com/wp-content/plugins/js_composer/assets/lib/prettyphoto/js/jquery.prettyPhoto.min52c7.js]
[paradise.jwsuperthemes.com/wp-content/plugins/js_composer/assets/lib/owl-carousel2-dist/owl.carousel.min52c7.js]
[paradise.jwsuperthemes.com/wp-content/plugins/js_composer/assets/lib/bower/imagesloaded/imagesloaded.pkgd.min52c7.js]
[paradise.jwsuperthemes.com/wp-includes/js/underscore.min4511.js]
[paradise.jwsuperthemes.com/wp-content/plugins/js_composer/assets/lib/vc_waypoints/vc-waypoints.min52c7.js]
[paradise.jwsuperthemes.com/wp-content/plugins/js_composer/assets/js/dist/vc_grid.min52c7.js]
[paradise.jwsuperthemes.com/wp-includes/js/wp-util.min2778.js]
[paradise.jwsuperthemes.com/wp-content/plugins/woocommerce/assets/js/frontend/add-to-cart-variation.min9e95.js]
[paradise.jwsuperthemes.com/wp-content/plugins/woocommerce/assets/js/zoom/jquery.zoom.min5a35.js]
[paradise.jwsuperthemes.com/wp-content/plugins/woocommerce/assets/js/photoswipe/photoswipe.min0235.js]
[paradise.jwsuperthemes.com/wp-content/plugins/woocommerce/assets/js/photoswipe/photoswipe-ui-default.min0235.js]
[paradise.jwsuperthemes.com/wp-content/plugins/woocommerce/assets/js/frontend/single-product.min9e95.js]
[paradise.jwsuperthemes.com/wp-content/plugins/woocommerce/assets/js/prettyPhoto/jquery.prettyPhoto.min005e.js]
[paradise.jwsuperthemes.com/shop/index128e.html]
[paradise.jwsuperthemes.com/booking/index.html]
[paradise.jwsuperthemes.com/wp-content/uploads/2017/06/Layer-1369-370x250.jpg]
[paradise.jwsuperthemes.com/category/massages/index.html]
[paradise.jwsuperthemes.com/wp-content/uploads/2017/06/Layer-1362-370x250.jpg]
[paradise.jwsuperthemes.com/wp-content/uploads/2017/06/Layer-1365-370x250.jpg]
[paradise.jwsuperthemes.com/the-balance-harmony-of-body-and-mind-2/index.html]
[paradise.jwsuperthemes.com/blogs/index.html]
[paradise.jwsuperthemes.com/category/body/index.html]
[paradise.jwsuperthemes.com/the-balance-harmony-of-body-and-mind-3/index.html]
[paradise.jwsuperthemes.com/the-personalized-ocean-and-earth-body-wrap-2/index.html]
[paradise.jwsuperthemes.com/wp-content/uploads/2017/07/picture-1502-370x250.jpg]
[paradise.jwsuperthemes.com/blogs/page/2/index.html]
[paradise.jwsuperthemes.com/greg-nicholsons-black-grey-realism/index.html]
[paradise.jwsuperthemes.com/the-tiny-complexities-of-pablo-torre/index.html]
[paradise.jwsuperthemes.com/wp-content/uploads/2017/07/Layer-1367-370x250.jpg]
[paradise.jwsuperthemes.com/bloggrid-sidebar/index.html]
[paradise.jwsuperthemes.com/neo-traditional-ornate-animals/index.html]
[paradise.jwsuperthemes.com/category/nail/index.html]
[paradise.jwsuperthemes.com/category/picercing/index.html]
[paradise.jwsuperthemes.com/category/tattoo-design/index.html]
[paradise.jwsuperthemes.com/category/tattooing/index.html]
[paradise.jwsuperthemes.com/wp-content/uploads/2017/06/Layer-1376-870x503.jpg]
[paradise.jwsuperthemes.com/tag/tattoo-design/index.html]
[paradise.jwsuperthemes.com/tag/beauty/index.html]
[paradise.jwsuperthemes.com/the-balance-harmony-of-body-and-mind-4/index.html]
[paradise.jwsuperthemes.com/the-balance-harmony-of-body-and-mind-5/index.html]
[paradise.jwsuperthemes.com/wp-content/uploads/2017/06/Layer-1375-870x503.jpg]
[paradise.jwsuperthemes.com/the-balance-harmony-of-body-and-mind-6/index.html]
[paradise.jwsuperthemes.com/wp-content/uploads/2017/06/Layer-1374-870x503.jpg]
[paradise.jwsuperthemes.com/bloggrid-sidebar/page/2/index.html]
[paradise.jwsuperthemes.com/blog-classic/index.html]
[paradise.jwsuperthemes.com/blog-classic/page/2/index.html]
[paradise.jwsuperthemes.com/blog-classic/page/3/index.html]
[paradise.jwsuperthemes.com/blog-classic/page/4/index.html]
[paradise.jwsuperthemes.com/wp-content/uploads/2017/07/bg-video-post.jpg]
[paradise.jwsuperthemes.com/the-balance-harmony-of-body-and-mind-7/index.html]
[paradise.jwsuperthemes.com/the-balance-harmony-of-body-and-mind/feed/index.html]
[paradise.jwsuperthemes.com/wp-content/cache/min/1/wp-content/plugins/akismet/_inc/form-fb23caf8d0d9623dec4b18ab3de88d75.js]
[paradise.jwsuperthemes.com/the-balance-harmony-of-body-and-mind.html]
[paradise.jwsuperthemes.com/author/admin/index.html]
[paradise.jwsuperthemes.com/wp-content/plugins/akismet/_inc/form31a4.js]
[paradise.jwsuperthemes.com/the-balance-harmony-of-body-and-mind/index128e.html]
[paradise.jwsuperthemes.com/the-balance-harmony-of-body-and-mind/index21b4.html]
[paradise.jwsuperthemes.com/gallery/index.html]
[paradise.jwsuperthemes.com/the-balance-harmony-of-body-and-mind/index8e42.html]
[paradise.jwsuperthemes.com/the-balance-harmony-of-body-and-mind/index267f.html]
[paradise.jwsuperthemes.com/wp-content/uploads/2017/07/Layer-1389-370x460.jpg]
[s7.addthis.com/js/300/addthis_widget.js]
[paradise.jwsuperthemes.com/wp-content/uploads/2017/07/Layer-1389.jpg]
[paradise.jwsuperthemes.com/wp-content/uploads/2017/07/Layer-1393-370x370.jpg]
[paradise.jwsuperthemes.com/wp-content/uploads/2017/07/Layer-1393.jpg]
[paradise.jwsuperthemes.com/wp-content/uploads/2017/07/Layer-1391-370x460.jpg]
[paradise.jwsuperthemes.com/wp-content/uploads/2017/07/Layer-1391.jpg]
[paradise.jwsuperthemes.com/wp-content/uploads/2017/07/Layer-1387-370x370.jpg]
[paradise.jwsuperthemes.com/wp-content/uploads/2017/07/Layer-1387.jpg]
[paradise.jwsuperthemes.com/gallery-masonry/index.html]
[paradise.jwsuperthemes.com/pages/index.html]
[paradise.jwsuperthemes.com/wp-content/uploads/2017/07/about-video.jpg]
[paradise.jwsuperthemes.com/about-us/index.html]
[paradise.jwsuperthemes.com/wp-content/cache/min/1/wp-content/themes/paradise/framework/shortcodes/map_v3/maps-8da701bb5fe9bea09bbbbeb5e20da3ad.js]
[paradise.jwsuperthemes.com/contact-us/index.html]
[paradise.jwsuperthemes.com/testimonials/index.html]
[paradise.jwsuperthemes.com/our-pricing/index.html]
[paradise.jwsuperthemes.com/wp-content/uploads/2017/07/info-gift-1.jpg]
[paradise.jwsuperthemes.com/wp-content/uploads/2017/07/info-gift-2.jpg]
[paradise.jwsuperthemes.com/wp-content/uploads/2017/07/info-gift-3.jpg]
[paradise.jwsuperthemes.com/gift-certificates/index.html]
[paradise.jwsuperthemes.com/faqs/index.html]
[paradise.jwsuperthemes.com/product-category/finance/index.html]
[paradise.jwsuperthemes.com/wp-content/cache/busting/1/wp-includes/js/jquery/ui/widget.min-1.11.4.js]
[paradise.jwsuperthemes.com/product-category/hair-cut/index.html]
[paradise.jwsuperthemes.com/product-category/massage/index.html]
[paradise.jwsuperthemes.com/product-category/uncategorized/index.html]
[paradise.jwsuperthemes.com/wp-content/cache/busting/1/wp-includes/js/jquery/ui/mouse.min-1.11.4.js]
[paradise.jwsuperthemes.com/wp-content/cache/busting/1/wp-includes/js/jquery/ui/slider.min-1.11.4.js]
[paradise.jwsuperthemes.com/wp-content/cache/busting/1/wp-content/plugins/woocommerce/assets/js/jquery-ui-touch-punch/jquery-ui-touch-punch.min-3.8.0.js]
[paradise.jwsuperthemes.com/wp-content/cache/busting/1/wp-content/plugins/woocommerce/assets/js/accounting/accounting.min-0.4.2.js]
[paradise.jwsuperthemes.com/wp-content/cache/busting/1/wp-content/plugins/woocommerce/assets/js/frontend/price-slider.min-3.8.0.js]
[paradise.jwsuperthemes.com/shop/index.html]
[paradise.jwsuperthemes.com/checkout/index.html]
[paradise.jwsuperthemes.com/wp-content/plugins/woocommerce/assets/css/select29e95.css]
[paradise.jwsuperthemes.com/wp-includes/js/zxcvbn-async.min5152.js]
[paradise.jwsuperthemes.com/wp-content/plugins/woocommerce/assets/js/frontend/country-select.min9e95.js]
[paradise.jwsuperthemes.com/wp-content/plugins/woocommerce/assets/js/frontend/address-i18n.min9e95.js]
[paradise.jwsuperthemes.com/wp-content/plugins/woocommerce/assets/js/frontend/cart.min9e95.js]
[paradise.jwsuperthemes.com/wp-content/plugins/woocommerce/assets/js/selectWoo/selectWoo.full.min0ba6.js]
[paradise.jwsuperthemes.com/wp-admin/js/password-strength-meter.min2778.js]
[paradise.jwsuperthemes.com/wp-content/plugins/woocommerce/assets/js/frontend/password-strength-meter.min9e95.js]
[paradise.jwsuperthemes.com/cart/index.html]
[paradise.jwsuperthemes.com/wp-content/uploads/2017/06/Layer-181851-870x500.jpg]
[paradise.jwsuperthemes.com/services/​full-body-massages​/index-2.html]
[paradise.jwsuperthemes.com/wp-content/uploads/2017/06/Layer-18187-870x500.jpg]
[paradise.jwsuperthemes.com/services/aromatherapy/index.html]
[paradise.jwsuperthemes.com/wp-content/uploads/2017/06/picture-5774-870x500.jpg]
[paradise.jwsuperthemes.com/services/facial-massages/index.html]
[paradise.jwsuperthemes.com/wp-content/uploads/2017/06/picture-10854-870x500.jpg]
[paradise.jwsuperthemes.com/services/body-treatments/index.html]
[paradise.jwsuperthemes.com/wp-content/uploads/2017/06/image_custom-634x500.jpg]
[paradise.jwsuperthemes.com/services/physiotherapy/index.html]
[paradise.jwsuperthemes.com/wp-content/uploads/2017/06/Layer-1365-870x500.jpg]
[paradise.jwsuperthemes.com/services/sports-massage/index.html]
[paradise.jwsuperthemes.com/category/news/index.html]
[paradise.jwsuperthemes.com/the-balance-harmony-of-body-and-mind/index.html]
[paradise.jwsuperthemes.com/category/events/index.html]
[paradise.jwsuperthemes.com/the-personalized-ocean-and-earth-body-wrap/index.html]
[paradise.jwsuperthemes.com/category/news/feed/index.html]
[paradise.jwsuperthemes.com/the-de-stress-massage-and-body-cocoon/index.html]
[paradise.jwsuperthemes.com/category/events/feed/index.html]
[paradise.jwsuperthemes.com/cdn-cgi/l/email-protection.html]
[paradise.jwsuperthemes.com/the-personalized-ocean-and-earth-body-wrap/feed/index.html]
[paradise.jwsuperthemes.com/wp-content/cache/min/1/wp-content/themes/paradise/assets/css/css_jws/magnific-popup-f0a9cfdafe019911e4757fc9a399e434.css]
[paradise.jwsuperthemes.com/wp-content/cache/min/1/wp-content/themes/paradise/assets/css/slick-dfb22b4901b8b08782e6128a81061c0a.css]
[paradise.jwsuperthemes.com/wp-content/plugins/js_composer/assets/lib/prettyphoto/images/prettyPhoto/default/sprite.png]
[paradise.jwsuperthemes.com/wp-content/plugins/js_composer/assets/lib/prettyphoto/images/prettyPhoto/default/sprite_x.png]
[paradise.jwsuperthemes.com/wp-content/plugins/js_composer/assets/lib/prettyphoto/images/prettyPhoto/default/sprite_y.png]
[paradise.jwsuperthemes.com/wp-content/plugins/js_composer/assets/lib/prettyphoto/images/prettyPhoto/default/sprite_next.png]
[paradise.jwsuperthemes.com/the-de-stress-massage-and-body-cocoon/feed/index.html]
[paradise.jwsuperthemes.com/wp-content/plugins/js_composer/assets/lib/prettyphoto/images/prettyPhoto/default/sprite_prev.png]
[paradise.jwsuperthemes.com/wp-content/plugins/js_composer/assets/lib/prettyphoto/images/prettyPhoto/default/default_thumb.png]
[paradise.jwsuperthemes.com/wp-content/plugins/js_composer/assets/lib/prettyphoto/images/prettyPhoto/default/loader.gif]
[paradise.jwsuperthemes.com/wp-content/plugins/js_composer/assets/lib/prettyphoto/images/prettyPhoto/light_rounded/sprite.png]
[paradise.jwsuperthemes.com/wp-content/plugins/js_composer/assets/lib/prettyphoto/images/prettyPhoto/light_rounded/btnNext.png]
[paradise.jwsuperthemes.com/wp-content/plugins/js_composer/assets/lib/prettyphoto/images/prettyPhoto/light_rounded/btnPrevious.png]
[paradise.jwsuperthemes.com/wp-content/plugins/js_composer/assets/lib/prettyphoto/images/prettyPhoto/light_rounded/loader.gif]
[paradise.jwsuperthemes.com/wp-content/plugins/js_composer/assets/lib/prettyphoto/images/prettyPhoto/dark_rounded/sprite.png]
[paradise.jwsuperthemes.com/wp-content/plugins/js_composer/assets/lib/prettyphoto/images/prettyPhoto/dark_rounded/contentPattern.png]
[paradise.jwsuperthemes.com/wp-content/plugins/js_composer/assets/lib/prettyphoto/images/prettyPhoto/dark_rounded/btnNext.png]
[paradise.jwsuperthemes.com/wp-content/plugins/js_composer/assets/lib/prettyphoto/images/prettyPhoto/dark_rounded/btnPrevious.png]
[paradise.jwsuperthemes.com/wp-content/plugins/js_composer/assets/lib/prettyphoto/images/prettyPhoto/dark_rounded/loader.gif]
[paradise.jwsuperthemes.com/wp-content/plugins/js_composer/assets/lib/prettyphoto/images/prettyPhoto/dark_square/loader.gif]
[paradise.jwsuperthemes.com/wp-content/plugins/js_composer/assets/lib/prettyphoto/images/prettyPhoto/dark_square/sprite.png]
[paradise.jwsuperthemes.com/wp-content/plugins/js_composer/assets/lib/prettyphoto/images/prettyPhoto/dark_square/btnNext.png]
[paradise.jwsuperthemes.com/wp-content/plugins/js_composer/assets/lib/prettyphoto/images/prettyPhoto/dark_square/btnPrevious.png]
[paradise.jwsuperthemes.com/wp-content/plugins/js_composer/assets/lib/prettyphoto/images/prettyPhoto/light_square/sprite.png]
[paradise.jwsuperthemes.com/wp-content/plugins/js_composer/assets/lib/prettyphoto/images/prettyPhoto/light_square/btnNext.png]
[paradise.jwsuperthemes.com/wp-content/plugins/js_composer/assets/lib/prettyphoto/images/prettyPhoto/light_square/btnPrevious.png]
[paradise.jwsuperthemes.com/wp-content/plugins/js_composer/assets/lib/prettyphoto/images/prettyPhoto/facebook/sprite.png]
[paradise.jwsuperthemes.com/wp-content/plugins/js_composer/assets/lib/prettyphoto/images/prettyPhoto/facebook/contentPatternTop.png]
[paradise.jwsuperthemes.com/wp-content/plugins/js_composer/assets/lib/prettyphoto/images/prettyPhoto/facebook/contentPatternLeft.png]
[paradise.jwsuperthemes.com/wp-content/plugins/js_composer/assets/lib/prettyphoto/images/prettyPhoto/facebook/contentPatternRight.png]
[paradise.jwsuperthemes.com/wp-content/plugins/js_composer/assets/lib/prettyphoto/images/prettyPhoto/facebook/loader.gif]
[paradise.jwsuperthemes.com/wp-content/plugins/js_composer/assets/lib/prettyphoto/images/prettyPhoto/facebook/btnNext.png]
[paradise.jwsuperthemes.com/wp-content/plugins/js_composer/assets/lib/prettyphoto/images/prettyPhoto/facebook/btnPrevious.png]
[paradise.jwsuperthemes.com/wp-content/plugins/js_composer/assets/lib/prettyphoto/images/prettyPhoto/facebook/contentPatternBottom.png]
[paradise.jwsuperthemes.com/wp-content/plugins/js_composer/assets/lib/prettyphoto/images/prettyPhoto/facebook/default_thumbnail.gif]
[paradise.jwsuperthemes.com/wp-content/cache/busting/1/wp-content/plugins/js_composer/assets/lib/prettyphoto/css/prettyPhoto.min-6.0.5.css]
[paradise.jwsuperthemes.com/wp-content/plugins/js_composer/assets/lib/owl-carousel2-dist/assets/owl.video.play.png]
[paradise.jwsuperthemes.com/wp-content/cache/busting/1/wp-content/plugins/js_composer/assets/lib/owl-carousel2-dist/assets/owl.min-6.0.5.css]
[paradise.jwsuperthemes.com/wp-content/cache/busting/1/wp-content/plugins/js_composer/assets/lib/bower/animate-css/animate.min-6.0.5.css]
[paradise.jwsuperthemes.com/wp-content/plugins/woocommerce/assets/css/photoswipe/default-skin/default-skin.png]
[paradise.jwsuperthemes.com/wp-content/cache/min/1/wp-content/plugins/woocommerce/assets/css/photoswipe/photoswipe-b70689b636608407c68ac08c745bf576.css]
[paradise.jwsuperthemes.com/wp-content/plugins/woocommerce/assets/css/photoswipe/default-skin/default-skin.svg]
[paradise.jwsuperthemes.com/wp-content/plugins/woocommerce/assets/css/photoswipe/default-skin/preloader.gif]
[paradise.jwsuperthemes.com/wp-content/cache/min/1/wp-content/plugins/woocommerce/assets/css/photoswipe/default-skin/default-skin-2780bdd4b48191b97a993188de48f553.css]
[paradise.jwsuperthemes.com/wp-content/cache/min/1/wp-content/plugins/woocommerce/assets/css/prettyPhoto-34a1e55105031add42f8f59007fec779.css]
[paradise.jwsuperthemes.com/wp-content/plugins/revslider/public/assets/fonts/revicons/revicons90c6.svg]
[paradise.jwsuperthemes.com/wp-content/plugins/revslider/public/assets/css/openhand.html]
[paradise.jwsuperthemes.com/wp-content/plugins/revslider/public/assets/css/closedhand.html]
[paradise.jwsuperthemes.com/wp-content/plugins/woocommerce/assets/fonts/star.svg]
[paradise.jwsuperthemes.com/wp-content/plugins/woocommerce/assets/fonts/WooCommerce.svg]
[paradise.jwsuperthemes.com/wp-content/plugins/woocommerce/assets/images/icons/loader.svg]
[paradise.jwsuperthemes.com/wp-content/plugins/woocommerce/assets/images/icons/credit-cards/visa.svg]
[paradise.jwsuperthemes.com/wp-content/plugins/woocommerce/assets/images/icons/credit-cards/mastercard.svg]
[paradise.jwsuperthemes.com/wp-content/plugins/woocommerce/assets/images/icons/credit-cards/laser.svg]
[paradise.jwsuperthemes.com/wp-content/plugins/woocommerce/assets/images/icons/credit-cards/diners.svg]
[paradise.jwsuperthemes.com/wp-content/plugins/woocommerce/assets/images/icons/credit-cards/maestro.svg]
[paradise.jwsuperthemes.com/wp-content/plugins/woocommerce/assets/images/icons/credit-cards/jcb.svg]
[paradise.jwsuperthemes.com/wp-content/plugins/woocommerce/assets/images/icons/credit-cards/amex.svg]
[paradise.jwsuperthemes.com/wp-content/plugins/woocommerce/assets/images/icons/credit-cards/discover.svg]
[paradise.jwsuperthemes.com/wp-content/themes/paradise/assets/css/img/owl.video.play.html]
[paradise.jwsuperthemes.com/wp-content/themes/paradise/assets/fonts/glyphicons-halflings-regular.html]
[paradise.jwsuperthemes.com/wp-content/themes/paradise/assets/fonts/glyphicons-halflings-regulard41d.html]
[paradise.jwsuperthemes.com/wp-content/themes/paradise/assets/fonts/glyphicons-halflings-regular-2.html]
[paradise.jwsuperthemes.com/wp-content/themes/paradise/assets/fonts/glyphicons-halflings-regular-3.html]
[paradise.jwsuperthemes.com/wp-content/themes/paradise/assets/fonts/glyphicons-halflings-regular-4.html]
[paradise.jwsuperthemes.com/wp-content/plugins/js_composer/assets/lib/bower/font-awesome/fonts/fontawesome-webfont3e6e.svg]
[paradise.jwsuperthemes.com/wp-content/themes/paradise/assets/fonts/ElegantIcons.svg]
[paradise.jwsuperthemes.com/wp-content/themes/paradise/assets/fonts/themify9f24.svg]
[paradise.jwsuperthemes.com/index5c90.html]
[paradise.jwsuperthemes.com/wp-content/uploads/2017/06/Layer-18175-e1498792356214-270x311.jpg]
[paradise.jwsuperthemes.com/team/jackson-nash/index.html]
[paradise.jwsuperthemes.com/wp-content/uploads/2017/06/Layer-1384-270x350.jpg]
[paradise.jwsuperthemes.com/team/ollie-schneider/index.html]
[paradise.jwsuperthemes.com/wp-content/uploads/2017/06/Layer-1380-e1498792637374-270x350.jpg]
[paradise.jwsuperthemes.com/team/roger-west/index.html]
[paradise.jwsuperthemes.com/wp-content/uploads/2017/06/Layer-1382-e1498792297256.jpg]
[paradise.jwsuperthemes.com/team/alex-manning/index.html]
[paradise.jwsuperthemes.com/index4837.html]
[paradise.jwsuperthemes.com/wp-content/uploads/2017/07/ts-4-270x350.jpg]
[paradise.jwsuperthemes.com/team/thomas-cruz/index.html]
[paradise.jwsuperthemes.com/wp-content/uploads/2017/07/team1-270x350.jpg]
[paradise.jwsuperthemes.com/team/alberto-hoffman/index.html]
[paradise.jwsuperthemes.com/wp-content/uploads/2017/07/team2-270x350.jpg]
[paradise.jwsuperthemes.com/team/edwin-wood/index.html]
[paradise.jwsuperthemes.com/wp-content/uploads/2017/07/team-hair1.jpg]
[paradise.jwsuperthemes.com/team/jackson-nash-2/index.html]
[paradise.jwsuperthemes.com/wp-content/uploads/2017/07/team-hair2.jpg]
[paradise.jwsuperthemes.com/team/ollie-schneider-2/index.html]
[paradise.jwsuperthemes.com/wp-content/uploads/2017/07/team-hair3.jpg]
[paradise.jwsuperthemes.com/team/roger-west-2/index.html]
[paradise.jwsuperthemes.com/wp-content/uploads/2017/07/team-hair4.jpg]
[paradise.jwsuperthemes.com/team/alex-manning-2/index.html]
[paradise.jwsuperthemes.com/home-page-three/index700a.html]
[paradise.jwsuperthemes.com/wp-content/uploads/2017/06/product-11.jpg]
[paradise.jwsuperthemes.com/wp-content/uploads/2017/06/product-11-600x600.jpg]
[paradise.jwsuperthemes.com/product/firming-body-creme/feed/index.html]
[paradise.jwsuperthemes.com/wp-content/uploads/2017/06/product-7.jpg]
[paradise.jwsuperthemes.com/wp-content/uploads/2017/06/product-7-600x600.jpg]
[paradise.jwsuperthemes.com/wp-content/uploads/2017/06/product-10.jpg]
[paradise.jwsuperthemes.com/wp-content/uploads/2017/06/product-10-600x600.jpg]
[paradise.jwsuperthemes.com/product-tag/book/index.html]
[paradise.jwsuperthemes.com/wp-content/cache/busting/1/wp-content/plugins/js_composer/assets/lib/bower/flexslider/jquery.flexslider-min-6.0.5.js]
[paradise.jwsuperthemes.com/product/firming-body-creme/index.html]
[paradise.jwsuperthemes.com/home-page-three/indexb6ea.html]
[paradise.jwsuperthemes.com/wp-content/uploads/2017/06/product-4.jpg]
[paradise.jwsuperthemes.com/wp-content/uploads/2017/06/product-4-600x600.jpg]
[paradise.jwsuperthemes.com/product/the-supreme-skin-care-3/feed/index.html]
[paradise.jwsuperthemes.com/wp-content/uploads/2017/06/3473311421005_95.jpg]
[paradise.jwsuperthemes.com/wp-content/uploads/2017/06/3473311421005_95-600x600.jpg]
[paradise.jwsuperthemes.com/product/the-supreme-skin-care-3/index.html]
[paradise.jwsuperthemes.com/home-page-three/index5ad9.html]
[paradise.jwsuperthemes.com/wp-content/uploads/2017/06/huile_pr_cieuse_-_beaut_stars_2015_-_zoom_fiche.jpg]
[paradise.jwsuperthemes.com/wp-content/uploads/2017/06/huile_pr_cieuse_-_beaut_stars_2015_-_zoom_fiche-600x600.jpg]
[paradise.jwsuperthemes.com/product/the-supreme-skin-care-2/feed/index.html]
[paradise.jwsuperthemes.com/wp-content/uploads/2017/07/product-2.jpg]
[paradise.jwsuperthemes.com/wp-content/uploads/2017/07/product-2-600x600.jpg]
[paradise.jwsuperthemes.com/wp-content/uploads/2017/07/product-9.jpg]
[paradise.jwsuperthemes.com/wp-content/uploads/2017/07/product-9-600x600.jpg]
[paradise.jwsuperthemes.com/product/the-supreme-skin-care-2/index.html]
[paradise.jwsuperthemes.com/home-page-three/index09ca.html]
[paradise.jwsuperthemes.com/product/the-supreme-skin-care/index.html]
[paradise.jwsuperthemes.com/index4ac2.html]
[paradise.jwsuperthemes.com/my-account/index.html]
[paradise.jwsuperthemes.com/wp-content/cache/busting/1/wp-content/plugins/js_composer/assets/css/js_composer_tta.min-6.0.5.css]
[paradise.jwsuperthemes.com/product/the-supreme-skin-care/feed/index.html]
[paradise.jwsuperthemes.com/indexba52.html]
[paradise.jwsuperthemes.com/wp-content/uploads/2017/07/Layer-1387-870x500.jpg]
[paradise.jwsuperthemes.com/services/intensive-healing-pedicure/index.html]
[paradise.jwsuperthemes.com/my-account/lost-password/index.html]
[paradise.jwsuperthemes.com/wp-content/uploads/2017/07/Layer-1389-870x503.jpg]
[paradise.jwsuperthemes.com/services/intensive-healing-pedicure/feed/index.html]
[paradise.jwsuperthemes.com/wp-content/uploads/2017/07/Layer-1393-870x503.jpg]
[paradise.jwsuperthemes.com/services_cat/pedicure/feed/index.html]
[paradise.jwsuperthemes.com/wp-content/uploads/2017/07/Layer-1391-870x503.jpg]
[paradise.jwsuperthemes.com/wp-content/uploads/2017/07/Layer-1387-870x503.jpg]
[paradise.jwsuperthemes.com/services_cat/pedicure/index.html]
[paradise.jwsuperthemes.com/indexd9dd.html]
[paradise.jwsuperthemes.com/its-a-marshmallow-world/feed/index.html]
[paradise.jwsuperthemes.com/wp-content/uploads/2018/07/nail_post1-870x503.jpg]
[paradise.jwsuperthemes.com/its-a-marshmallow-world/index.html]
[paradise.jwsuperthemes.com/wp-content/uploads/2018/07/nail_post2-870x503.jpg]
[paradise.jwsuperthemes.com/orchid-petals-inspir-nail-art/index.html]
[paradise.jwsuperthemes.com/orchid-petals-inspir-nail-art/feed/index.html]
[paradise.jwsuperthemes.com/services/professional-tattoo-artist-in-5-steps/feed/index.html]
[paradise.jwsuperthemes.com/wp-content/uploads/2017/07/Layer-1428.jpg]
[paradise.jwsuperthemes.com/services/realistic-3d-tattoos/index.html]
[paradise.jwsuperthemes.com/services/realistic-3d-tattoos/feed/index.html]
[paradise.jwsuperthemes.com/wp-content/uploads/2018/07/XAM4-870x500.jpg]
[paradise.jwsuperthemes.com/services/skin-art/index.html]
[paradise.jwsuperthemes.com/services/skin-art/feed/index.html]
[paradise.jwsuperthemes.com/services/tribal-or-traditional/index.html]
[paradise.jwsuperthemes.com/indexfcc0.html]
[paradise.jwsuperthemes.com/services/index.html]
[paradise.jwsuperthemes.com/wp-content/uploads/2017/06/picture-32301-870x503.jpg]
[paradise.jwsuperthemes.com/testimonial/ollie-schneider/index.html]
[paradise.jwsuperthemes.com/testimonial_category/spa/index.html]
[paradise.jwsuperthemes.com/wp-content/uploads/2017/06/picture-2890-870x503.jpg]
[paradise.jwsuperthemes.com/testimonial/alexis-adams/index.html]
[paradise.jwsuperthemes.com/wp-content/uploads/2017/06/Layer-4785-870x503.jpg]
[paradise.jwsuperthemes.com/testimonial/glen-welch/index.html]
[paradise.jwsuperthemes.com/testimonial/letitia-shelton/index.html]
[paradise.jwsuperthemes.com/services/be-picky-where-you-tattoo/feed/index.html]
[paradise.jwsuperthemes.com/index6205.html]
[paradise.jwsuperthemes.com/services/blackwork-tattoo/feed/index.html]
[paradise.jwsuperthemes.com/indexedce.html]
[paradise.jwsuperthemes.com/services/warm-cream-pedicure/feed/index.html]
[paradise.jwsuperthemes.com/index8844.html]
[paradise.jwsuperthemes.com/services/pedicure-refresher/feed/index.html]
[paradise.jwsuperthemes.com/index4720.html]
[paradise.jwsuperthemes.com/services/therapeutic-pedicure/feed/index.html]
[paradise.jwsuperthemes.com/index90b2.html]
[paradise.jwsuperthemes.com/wp-content/themes/paradise/assets/css/css_jws/magnific-popup2778.css]
[paradise.jwsuperthemes.com/wp-includes/css/dist/block-library/style.min2778.css]
[paradise.jwsuperthemes.com/wp-includes/css/dist/block-library/theme.min2778.css]
[paradise.jwsuperthemes.com/wp-content/plugins/woocommerce/packages/woocommerce-blocks/build/style747d.css]
[paradise.jwsuperthemes.com/wp-content/plugins/booked/assets/css/icons5bf8.css]
[paradise.jwsuperthemes.com/wp-content/plugins/booked/assets/js/tooltipster/css/tooltipster9b70.css]
[paradise.jwsuperthemes.com/wp-content/plugins/booked/assets/js/tooltipster/css/themes/tooltipster-light9b70.css]
[paradise.jwsuperthemes.com/wp-content/plugins/booked/assets/css/animations5bf8.css]
[paradise.jwsuperthemes.com/wp-content/plugins/booked/assets/css/styles5bf8.css]
[paradise.jwsuperthemes.com/wp-content/plugins/booked/assets/css/responsive5bf8.css]
[paradise.jwsuperthemes.com/wp-content/plugins/contact-form-7/includes/css/styles6725.css]
[paradise.jwsuperthemes.com/wp-content/plugins/revslider/public/assets/css/rs66fb3.css]
[paradise.jwsuperthemes.com/wp-content/plugins/woocommerce/assets/css/woocommerce-layout9e95.css]
[paradise.jwsuperthemes.com/wp-content/plugins/woocommerce/assets/css/woocommerce-smallscreen9e95.css]
[paradise.jwsuperthemes.com/wp-content/plugins/woocommerce/assets/css/woocommerce9e95.css]
[paradise.jwsuperthemes.com/wp-content/plugins/booked-frontend-agents/css/styles5bf8.css]
[paradise.jwsuperthemes.com/wp-content/plugins/woocommerce-bookings/dist/css/frontendedf9.css]
[paradise.jwsuperthemes.com/wp-content/plugins/yith-woocommerce-quick-view/assets/css/yith-quick-view2778.css]
[paradise.jwsuperthemes.com/wp-content/themes/paradise/style2778.css]
[paradise.jwsuperthemes.com/wp-content/themes/paradise/assets/css/css_jws/please-wait2778.css]
[paradise.jwsuperthemes.com/wp-content/themes/paradise/assets/css/css_jws/normalize2778.css]
[paradise.jwsuperthemes.com/wp-content/themes/paradise/assets/css/css_jws/owl.carousel2778.css]
[paradise.jwsuperthemes.com/wp-content/themes/paradise/assets/css/css_jws/animate2778.css]
[paradise.jwsuperthemes.com/wp-content/themes/paradise/assets/css/bootstrap.min2778.css]
[paradise.jwsuperthemes.com/wp-content/plugins/js_composer/assets/lib/bower/font-awesome/css/font-awesome.min52c7.css]
[paradise.jwsuperthemes.com/wp-content/themes/paradise/assets/css/font-elegant.minbfce.css]
[paradise.jwsuperthemes.com/wp-content/themes/paradise/assets/css/font-themify.minbfce.css]
[paradise.jwsuperthemes.com/wp-content/themes/paradise/assets/css/core.min2778.css]
[paradise.jwsuperthemes.com/wp-content/themes/paradise/assets/css/presets/default2778.css]
[paradise.jwsuperthemes.com/wp-content/plugins/newsletter/stylefab5.css]
[paradise.jwsuperthemes.com/wp-content/plugins/booked-woocommerce-payments/css/frontend-style2778.css]
[paradise.jwsuperthemes.com/shop/.html]
[paradise.jwsuperthemes.com/wp-includes/js/jquery/ui/widget.mine899.js]
[paradise.jwsuperthemes.com/wp-includes/js/jquery/ui/mouse.mine899.js]
[paradise.jwsuperthemes.com/wp-includes/js/jquery/ui/slider.mine899.js]
[paradise.jwsuperthemes.com/wp-content/plugins/woocommerce/assets/js/jquery-ui-touch-punch/jquery-ui-touch-punch.min9e95.js]
[paradise.jwsuperthemes.com/wp-content/plugins/woocommerce/assets/js/accounting/accounting.minaffb.js]
[paradise.jwsuperthemes.com/wp-content/plugins/woocommerce/assets/js/frontend/price-slider.min9e95.js]
[paradise.jwsuperthemes.com/shop/index974f.html]
[paradise.jwsuperthemes.com/wp-content/uploads/2017/07/product-tt2.jpg]
[paradise.jwsuperthemes.com/wp-content/uploads/2017/07/product-tt2-600x747.jpg]
[paradise.jwsuperthemes.com/wp-content/uploads/2017/07/product-tt4-e1499938187965.jpg]
[paradise.jwsuperthemes.com/product/electric-shavers/feed/index.html]
[paradise.jwsuperthemes.com/wp-content/uploads/2017/07/product-tt4-e1499938187965-600x572.jpg]
[paradise.jwsuperthemes.com/wp-content/uploads/2017/07/product-tt1.jpg]
[paradise.jwsuperthemes.com/wp-content/uploads/2017/07/product-tt1-600x703.jpg]
[paradise.jwsuperthemes.com/product/electric-shavers/index.html]
[paradise.jwsuperthemes.com/shop/index700a.html]
[paradise.jwsuperthemes.com/shop/index33ec.html]
[paradise.jwsuperthemes.com/wp-content/uploads/2017/07/product-tt3.jpg]
[paradise.jwsuperthemes.com/wp-content/uploads/2017/07/product-tt3-600x600.jpg]
[paradise.jwsuperthemes.com/product/giantex-hydraulic/index.html]
[paradise.jwsuperthemes.com/shop/index46b3.html]
[paradise.jwsuperthemes.com/product/giantex-hydraulic-2/index.html]
[paradise.jwsuperthemes.com/shop/index3289.html]
[paradise.jwsuperthemes.com/product/shaving-silvertip/index.html]
[paradise.jwsuperthemes.com/product/giantex-hydraulic-2/feed/index.html]
[paradise.jwsuperthemes.com/shop/index5ad9.html]
[paradise.jwsuperthemes.com/shop/index09ca.html]
[paradise.jwsuperthemes.com/shop/indexb6ea.html]
[paradise.jwsuperthemes.com/shop/indexace6.html]
[paradise.jwsuperthemes.com/product/giantex-hydraulic/feed/index.html]
[paradise.jwsuperthemes.com/product/vetiver-massage-oil/index.html]
[paradise.jwsuperthemes.com/product/shaving-silvertip/feed/index.html]
[nail.jwsuperthemes.com/wp-content/plugins/js_composer/assets/vc/info.png]
[nail.jwsuperthemes.com/wp-content/plugins/js_composer/assets/vc/tick.png]
[paradise.jwsuperthemes.com/product/vetiver-massage-oil/feed/index.html]
[nail.jwsuperthemes.com/wp-content/plugins/js_composer/assets/vc/exclamation.png]
[nail.jwsuperthemes.com/wp-content/plugins/js_composer/assets/images/icons/address-book.png]
[nail.jwsuperthemes.com/wp-content/plugins/js_composer/assets/images/icons/alarm-clock.png]
[nail.jwsuperthemes.com/wp-content/plugins/js_composer/assets/images/icons/anchor.png]
[nail.jwsuperthemes.com/wp-content/plugins/js_composer/assets/images/icons/application-image.png]
[nail.jwsuperthemes.com/wp-content/plugins/js_composer/assets/images/icons/arrow.png]
[nail.jwsuperthemes.com/wp-content/plugins/js_composer/assets/images/icons/asterisk.png]
[nail.jwsuperthemes.com/wp-content/plugins/js_composer/assets/images/icons/auction-hammer.png]
[nail.jwsuperthemes.com/wp-content/plugins/js_composer/assets/images/icons/balloon.png]
[nail.jwsuperthemes.com/wp-content/plugins/js_composer/assets/images/icons/balloon-buzz.png]
[nail.jwsuperthemes.com/wp-content/plugins/js_composer/assets/images/icons/balloon-facebook.png]
[nail.jwsuperthemes.com/wp-content/plugins/js_composer/assets/images/icons/balloon-twitter.png]
[nail.jwsuperthemes.com/wp-content/plugins/js_composer/assets/images/icons/battery-full.png]
[nail.jwsuperthemes.com/wp-content/plugins/js_composer/assets/images/icons/binocular.png]
[nail.jwsuperthemes.com/wp-content/plugins/js_composer/assets/images/icons/blue-document-excel.png]
[nail.jwsuperthemes.com/wp-content/plugins/js_composer/assets/images/icons/blue-document-image.png]
[nail.jwsuperthemes.com/wp-content/plugins/js_composer/assets/images/icons/blue-document-music.png]
[nail.jwsuperthemes.com/wp-content/plugins/js_composer/assets/images/icons/blue-document-office.png]
[nail.jwsuperthemes.com/wp-content/plugins/js_composer/assets/images/icons/blue-document-pdf.png]
[nail.jwsuperthemes.com/wp-content/plugins/js_composer/assets/images/icons/blue-document-powerpoint.png]
[nail.jwsuperthemes.com/wp-content/plugins/js_composer/assets/images/icons/blue-document-word.png]
[nail.jwsuperthemes.com/wp-content/plugins/js_composer/assets/images/icons/bookmark.png]
[nail.jwsuperthemes.com/wp-content/plugins/js_composer/assets/images/icons/camcorder.png]
[nail.jwsuperthemes.com/wp-content/plugins/js_composer/assets/images/icons/camera.png]
[nail.jwsuperthemes.com/wp-content/plugins/js_composer/assets/images/icons/chart.png]
[nail.jwsuperthemes.com/wp-content/plugins/js_composer/assets/images/icons/chart-pie.png]
[nail.jwsuperthemes.com/wp-content/plugins/js_composer/assets/images/icons/clock.png]
[nail.jwsuperthemes.com/wp-content/plugins/js_composer/assets/images/icons/control.png]
[nail.jwsuperthemes.com/wp-content/plugins/js_composer/assets/images/icons/fire.png]
[nail.jwsuperthemes.com/wp-content/plugins/js_composer/assets/images/icons/heart.png]
[nail.jwsuperthemes.com/wp-content/plugins/js_composer/assets/images/icons/mail.png]
[nail.jwsuperthemes.com/wp-content/plugins/js_composer/assets/images/icons/plus-shield.png]
[nail.jwsuperthemes.com/wp-content/plugins/js_composer/assets/images/icons/video.png]
[nail.jwsuperthemes.com/wp-content/plugins/js_composer/assets/images/toggle_open.png]
[nail.jwsuperthemes.com/wp-content/plugins/js_composer/assets/images/toggle_close.png]
[nail.jwsuperthemes.com/wp-content/plugins/js_composer/assets/images/flickr.png]
[nail.jwsuperthemes.com/wp-content/plugins/js_composer/assets/images/spinner.gif]
[nail.jwsuperthemes.com/wp-content/plugins/js_composer/assets/vc/remove.png]
[paradise.jwsuperthemes.com/wp-content/uploads/js_composer/js_composer_front_custom52c7.css]
[paradise.jwsuperthemes.com/wp-content/plugins/js_composer/assets/lib/prettyphoto/css/prettyPhoto.min52c7.css]
[paradise.jwsuperthemes.com/wp-content/plugins/js_composer/assets/lib/owl-carousel2-dist/assets/owl.min52c7.css]
[paradise.jwsuperthemes.com/wp-content/plugins/js_composer/assets/lib/bower/animate-css/animate.min52c7.css]
[paradise.jwsuperthemes.com/wp-content/plugins/woocommerce/assets/css/photoswipe/photoswipe9e95.css]
[paradise.jwsuperthemes.com/wp-content/plugins/woocommerce/assets/css/photoswipe/default-skin/default-skin9e95.css]
[paradise.jwsuperthemes.com/wp-content/plugins/woocommerce/assets/css/prettyPhoto9e95.css]
[paradise.jwsuperthemes.com/index5757.html]
[paradise.jwsuperthemes.com/index5831.html]
[paradise.jwsuperthemes.com/wp-content/uploads/2017/06/Layer-1369-870x503.jpg]
[paradise.jwsuperthemes.com/category/massages/index.html]
[paradise.jwsuperthemes.com/the-balance-harmony-of-body-and-mind-2/index.html]
[paradise.jwsuperthemes.com/category/massages/feed/index.html]
[paradise.jwsuperthemes.com/the-balance-harmony-of-body-and-mind-2/feed/index.html]
[paradise.jwsuperthemes.com/wp-content/uploads/2017/06/Layer-1365-870x503.jpg]
[paradise.jwsuperthemes.com/wp-content/uploads/2017/07/picture-1502-870x503.jpg]
[paradise.jwsuperthemes.com/category/body/feed/index.html]
[paradise.jwsuperthemes.com/wp-content/uploads/2017/07/Layer-1367-870x503.jpg]
[paradise.jwsuperthemes.com/wp-content/uploads/2017/06/Layer-1362-870x503.jpg]
[paradise.jwsuperthemes.com/category/body/index.html]
[paradise.jwsuperthemes.com/the-balance-harmony-of-body-and-mind-3/index.html]
[paradise.jwsuperthemes.com/the-personalized-ocean-and-earth-body-wrap-2/index.html]
[paradise.jwsuperthemes.com/the-balance-harmony-of-body-and-mind-3/feed/index.html]
[paradise.jwsuperthemes.com/wp-content/uploads/2017/07/Layer-1387-370x250.jpg]
[paradise.jwsuperthemes.com/blogs/page/2/index.html]
[paradise.jwsuperthemes.com/the-personalized-ocean-and-earth-body-wrap-2/feed/index.html]
[paradise.jwsuperthemes.com/indexf065.html]
[paradise.jwsuperthemes.com/wp-content/uploads/2017/07/blog1-870x503.jpg]
[paradise.jwsuperthemes.com/greg-nicholsons-black-grey-realism/index.html]
[paradise.jwsuperthemes.com/greg-nicholsons-black-grey-realism/feed/index.html]
[paradise.jwsuperthemes.com/wp-content/uploads/2017/07/blog2-870x503.jpg]
[paradise.jwsuperthemes.com/the-tiny-complexities-of-pablo-torre/index.html]
[paradise.jwsuperthemes.com/the-tiny-complexities-of-pablo-torre/feed/index.html]
[paradise.jwsuperthemes.com/wp-content/uploads/2017/07/blog3-870x503.jpg]
[paradise.jwsuperthemes.com/neo-traditional-ornate-animals/index.html]
[paradise.jwsuperthemes.com/neo-traditional-ornate-animals/feed/index.html]
[paradise.jwsuperthemes.com/category/nail/index.html]
[paradise.jwsuperthemes.com/category/picercing/index.html]
[paradise.jwsuperthemes.com/category/nail/feed/index.html]
[paradise.jwsuperthemes.com/category/tattoo-design/index.html]
[paradise.jwsuperthemes.com/category/tattooing/index.html]
[paradise.jwsuperthemes.com/category/picercing/feed/index.html]
[paradise.jwsuperthemes.com/tag/beauty/index.html]
[paradise.jwsuperthemes.com/tag/tattoo-design/index.html]
[paradise.jwsuperthemes.com/category/tattoo-design/feed/index.html]
[paradise.jwsuperthemes.com/the-balance-harmony-of-body-and-mind-4/index.html]
[paradise.jwsuperthemes.com/category/tattooing/feed/index.html]
[paradise.jwsuperthemes.com/the-balance-harmony-of-body-and-mind-5/index.html]
[paradise.jwsuperthemes.com/tag/tattoo-design/feed/index.html]
[paradise.jwsuperthemes.com/the-balance-harmony-of-body-and-mind-4/feed/index.html]
[paradise.jwsuperthemes.com/the-balance-harmony-of-body-and-mind-6/index.html]
[paradise.jwsuperthemes.com/tag/beauty/feed/index.html]
[paradise.jwsuperthemes.com/the-balance-harmony-of-body-and-mind-5/feed/index.html]
[paradise.jwsuperthemes.com/bloggrid-sidebar/page/2/index.html]
[paradise.jwsuperthemes.com/index2026.html]
[paradise.jwsuperthemes.com/blog-classic/page/2/index.html]
[paradise.jwsuperthemes.com/the-balance-harmony-of-body-and-mind-6/feed/index.html]
[paradise.jwsuperthemes.com/blog-classic/page/3/index.html]
[paradise.jwsuperthemes.com/blog-classic/page/4/index.html]
[paradise.jwsuperthemes.com/the-balance-harmony-of-body-and-mind-7/index.html]
[paradise.jwsuperthemes.com/index77b4.html]
[paradise.jwsuperthemes.com/author/admin/index.html]
[paradise.jwsuperthemes.com/the-balance-harmony-of-body-and-mind/index21b4.html]
[paradise.jwsuperthemes.com/the-balance-harmony-of-body-and-mind-7/feed/index.html]
[paradise.jwsuperthemes.com/the-balance-harmony-of-body-and-mind/index8e42.html]
[paradise.jwsuperthemes.com/the-balance-harmony-of-body-and-mind/index267f.html]
[paradise.jwsuperthemes.com/indexd8eb.html]
[paradise.jwsuperthemes.com/index4ac2-2.html]
[paradise.jwsuperthemes.com/indexa1ca.html]
[paradise.jwsuperthemes.com/indexc2fc.html]
[paradise.jwsuperthemes.com/index272e.html]
[paradise.jwsuperthemes.com/indexdfb6.html]
[paradise.jwsuperthemes.com/index20df.html]
[paradise.jwsuperthemes.com/indexaaf8.html]
[paradise.jwsuperthemes.com/indexc3f0.html]
[paradise.jwsuperthemes.com/author/admin/page/2/index.html]
[paradise.jwsuperthemes.com/author/admin/feed/index.html]
[paradise.jwsuperthemes.com/product-category/finance/.sidebar-shop]
[paradise.jwsuperthemes.com/product-category/finance/index.html]
[paradise.jwsuperthemes.com/product-category/finance/feed/index.html]
[paradise.jwsuperthemes.com/product-category/finance/index09ca.html]
[paradise.jwsuperthemes.com/product-category/finance/index700a.html]
[paradise.jwsuperthemes.com/product-category/finance/index5ad9.html]
[paradise.jwsuperthemes.com/product-category/hair-cut/.sidebar-shop]
[paradise.jwsuperthemes.com/product-category/hair-cut/index.html]
[paradise.jwsuperthemes.com/product-category/finance/indexb6ea.html]
[paradise.jwsuperthemes.com/product-category/hair-cut/feed/index.html]
[paradise.jwsuperthemes.com/product-category/hair-cut/index974f.html]
[paradise.jwsuperthemes.com/product-category/hair-cut/index33ec.html]
[paradise.jwsuperthemes.com/product-category/massage/.sidebar-shop]
[paradise.jwsuperthemes.com/product-category/hair-cut/index46b3.html]
[paradise.jwsuperthemes.com/wp-content/uploads/2017/07/product-9-300x300.jpg]
[paradise.jwsuperthemes.com/product-category/massage/index.html]
[paradise.jwsuperthemes.com/product-category/hair-cut/index3289.html]
[paradise.jwsuperthemes.com/product-category/uncategorized/index.html]
[paradise.jwsuperthemes.com/product-category/massage/feed/index.html]
[paradise.jwsuperthemes.com/product/lavender-massage-oil/index.html]
[paradise.jwsuperthemes.com/wp-content/plugins/woocommerce/assets/css/select29e95.css]
[paradise.jwsuperthemes.com/index421d.html]
[paradise.jwsuperthemes.com/index4f61.html]
[paradise.jwsuperthemes.com/indexe839.html]
[paradise.jwsuperthemes.com/index04cd.html]
[paradise.jwsuperthemes.com/indexb135.html]
[paradise.jwsuperthemes.com/index50f6.html]
[paradise.jwsuperthemes.com/index5034.html]
[paradise.jwsuperthemes.com/index820c.html]
[paradise.jwsuperthemes.com/index21fd.html]
[paradise.jwsuperthemes.com/wp-content/plugins/woocommerce/assets/css/photoswipe/default-skin/default-skin.svg]
[paradise.jwsuperthemes.com/index6eea.html]
[paradise.jwsuperthemes.com/index5f0f.html]
[paradise.jwsuperthemes.com/index0133.html]
[paradise.jwsuperthemes.com/index8a71.html]
[paradise.jwsuperthemes.com/index2807.html]
[paradise.jwsuperthemes.com/indexe3b6.html]
[paradise.jwsuperthemes.com/indexfaa1.html]
[paradise.jwsuperthemes.com/index53ba.html]
[paradise.jwsuperthemes.com/indexca7f.html]
[paradise.jwsuperthemes.com/index7aeb.html]
[paradise.jwsuperthemes.com/index1d45.html]
[paradise.jwsuperthemes.com/index90dd.html]
[paradise.jwsuperthemes.com/product-category/massage/index5bce.html]
[paradise.jwsuperthemes.com/product-category/massage/indexace6.html]
[paradise.jwsuperthemes.com/product-category/uncategorized/feed/index.html]
[paradise.jwsuperthemes.com/product-tag/book/feed/index.html]
[paradise.jwsuperthemes.com/product-tag/book/.sidebar-shop]
[paradise.jwsuperthemes.com/product-tag/book/index.html]
[paradise.jwsuperthemes.com/index45c8.html]
[paradise.jwsuperthemes.com/index0b1f.html]
[paradise.jwsuperthemes.com/index5295.html]
[paradise.jwsuperthemes.com/indexf488.html]
[paradise.jwsuperthemes.com/wp-content/plugins/woocommerce/assets/js/frontend/lost-password.min9e95.js]
[paradise.jwsuperthemes.com/my-account/lost-password/index.html]
[paradise.jwsuperthemes.com/services/intensive-healing-pedicure/feed/index.html]
[paradise.jwsuperthemes.com/index52e8.html]
[paradise.jwsuperthemes.com/index855d.html]
[paradise.jwsuperthemes.com/indexb83b.html]
[paradise.jwsuperthemes.com/services/realistic-3d-tattoos/feed/index.html]
[paradise.jwsuperthemes.com/index14c7.html]
[paradise.jwsuperthemes.com/services/skin-art/feed/index.html]
[paradise.jwsuperthemes.com/wp-content/uploads/2018/07/XAM1-870x500.jpg]
[paradise.jwsuperthemes.com/product-tag/book/index700a.html]
[paradise.jwsuperthemes.com/services/tribal-or-traditional/index.html]
[paradise.jwsuperthemes.com/product-tag/book/indexb6ea.html]
[paradise.jwsuperthemes.com/services/tribal-or-traditional/feed/index.html]
[paradise.jwsuperthemes.com/index141e.html]
[paradise.jwsuperthemes.com/index2dc4.html]
[paradise.jwsuperthemes.com/index47f2.html]
[paradise.jwsuperthemes.com/testimonial_category/spa/index.html]
[paradise.jwsuperthemes.com/services/color-or-black-grey/index.html]
[paradise.jwsuperthemes.com/indexb4d2.html]
[paradise.jwsuperthemes.com/testimonial/letitia-shelton/index.html]
[paradise.jwsuperthemes.com/index248a.html]
[paradise.jwsuperthemes.com/indexab36.html]
[paradise.jwsuperthemes.com/index2f7a.html]
[paradise.jwsuperthemes.com/index7033.html]
[paradise.jwsuperthemes.com/index5024.html]
[paradise.jwsuperthemes.com/indexf8dc.html]
[paradise.jwsuperthemes.com/index82dc.html]
[paradise.jwsuperthemes.com/index94f9.html]
[paradise.jwsuperthemes.com/indexaa07.html]
[paradise.jwsuperthemes.com/blogs/page/1/index.html]
[paradise.jwsuperthemes.com/index728e.html]
[paradise.jwsuperthemes.com/index6a35.html]
[paradise.jwsuperthemes.com/index4976.html]
[paradise.jwsuperthemes.com/index6f5e.html]
[paradise.jwsuperthemes.com/index0edf.html]
[paradise.jwsuperthemes.com/index227a.html]
[paradise.jwsuperthemes.com/bloggrid-sidebar/page/1/index.html]
[paradise.jwsuperthemes.com/blog-classic/page/1/index.html]
[paradise.jwsuperthemes.com/index6028.html]
[paradise.jwsuperthemes.com/author/admin/page/2/index.html]
[paradise.jwsuperthemes.com/product-category/finance/.html]
[paradise.jwsuperthemes.com/product-category/finance/index700a.html]
[paradise.jwsuperthemes.com/product-category/finance/index5ad9.html]
[paradise.jwsuperthemes.com/product-category/finance/index09ca.html]
[paradise.jwsuperthemes.com/product-category/finance/indexb6ea.html]
[paradise.jwsuperthemes.com/product-category/hair-cut/.html]
[paradise.jwsuperthemes.com/product-category/hair-cut/index974f.html]
[paradise.jwsuperthemes.com/product-category/hair-cut/index33ec.html]
[paradise.jwsuperthemes.com/product-category/hair-cut/index46b3.html]
[paradise.jwsuperthemes.com/product-category/hair-cut/index3289.html]
[paradise.jwsuperthemes.com/product-category/massage/.html]
[paradise.jwsuperthemes.com/product-category/massage/index5bce.html]
[paradise.jwsuperthemes.com/product/lavender-massage-oil/index.html]
[paradise.jwsuperthemes.com/product-category/massage/indexace6.html]
[paradise.jwsuperthemes.com/product-tag/book/.html]
[paradise.jwsuperthemes.com/product-tag/book/index700a.html]
[paradise.jwsuperthemes.com/product-tag/book/indexb6ea.html]
[paradise.jwsuperthemes.com/services/tribal-or-traditional/feed/index.html]
[paradise.jwsuperthemes.com/testimonial/roger-west/index.html]
[paradise.jwsuperthemes.com/testimonial_category/spa/feed/index.html]
[paradise.jwsuperthemes.com/wp-content/uploads/2018/07/XAM2-870x500.jpg]
[paradise.jwsuperthemes.com/services/color-or-black-grey/index.html]
[paradise.jwsuperthemes.com/services/color-or-black-grey/feed/index.html]
[paradise.jwsuperthemes.com/index4377.html]
[paradise.jwsuperthemes.com/services/reworks-and-cover-ups/index.html]
[paradise.jwsuperthemes.com/testimonial/jackson-nash/index.html]
[paradise.jwsuperthemes.com/wp-content/uploads/2017/07/ts1-870x503.jpg]
[paradise.jwsuperthemes.com/testimonial/roger-west/index.html]
[paradise.jwsuperthemes.com/indexa36b.html]
[paradise.jwsuperthemes.com/services/color-or-black-grey/feed/index.html]
[paradise.jwsuperthemes.com/testimonial_category/tattoo/index.html]
[paradise.jwsuperthemes.com/wp-content/uploads/2018/07/XAM3-687x500.jpg]
[paradise.jwsuperthemes.com/services/reworks-and-cover-ups/index.html]
[paradise.jwsuperthemes.com/indexaca3.html]
[paradise.jwsuperthemes.com/services/reworks-and-cover-ups/feed/index.html]
[paradise.jwsuperthemes.com/wp-content/uploads/2017/07/ts2-640x503.jpg]
[paradise.jwsuperthemes.com/testimonial/ollie-schneider-2/index.html]
[paradise.jwsuperthemes.com/testimonial/jackson-nash/index.html]
[paradise.jwsuperthemes.com/index2c5f.html]
[paradise.jwsuperthemes.com/wp-content/uploads/2017/07/ts-4-800x503.jpg]
[paradise.jwsuperthemes.com/wp-content/uploads/2017/07/ts3-437x503.jpg]
[paradise.jwsuperthemes.com/testimonial_category/tattoo/feed/index.html]
[paradise.jwsuperthemes.com/testimonial_category/tattoo/index.html]
[paradise.jwsuperthemes.com/testimonial/edwin-wood/index.html]
[paradise.jwsuperthemes.com/services/reworks-and-cover-ups/feed/index.html]
[paradise.jwsuperthemes.com/index348c.html]
[paradise.jwsuperthemes.com/testimonial/ollie-schneider-2/index.html]
[paradise.jwsuperthemes.com/index01a2.html]
[paradise.jwsuperthemes.com/testimonial/edwin-wood/index.html]
[paradise.jwsuperthemes.com/index8a0c.html]
[paradise.jwsuperthemes.com/index5657.html]
